Archive member included to satisfy reference by file (symbol)

c:/progra~1/raspbe~1/picosd~1.1/gcc-ar~1/bin/../lib/gcc/arm-none-eabi/10.3.1/thumb/v6-m/nofp\libgcc.a(_dvmd_tls.o)
                              CMakeFiles/CALCULATOR.dir/C_/Program_Files/Raspberry_Pi/Pico_SDK_v1.5.1/pico-sdk/src/rp2_common/pico_divider/divider.S.obj (__aeabi_idiv0)
c:/progra~1/raspbe~1/picosd~1.1/gcc-ar~1/bin/../lib/gcc/arm-none-eabi/10.3.1/../../../../arm-none-eabi/lib/thumb/v6-m/nofp\libc.a(lib_a-calloc.o)
                              CMakeFiles/CALCULATOR.dir/C_/Program_Files/Raspberry_Pi/Pico_SDK_v1.5.1/pico-sdk/src/rp2_common/pico_malloc/pico_malloc.c.obj (calloc)
c:/progra~1/raspbe~1/picosd~1.1/gcc-ar~1/bin/../lib/gcc/arm-none-eabi/10.3.1/../../../../arm-none-eabi/lib/thumb/v6-m/nofp\libc.a(lib_a-callocr.o)
                              c:/progra~1/raspbe~1/picosd~1.1/gcc-ar~1/bin/../lib/gcc/arm-none-eabi/10.3.1/../../../../arm-none-eabi/lib/thumb/v6-m/nofp\libc.a(lib_a-calloc.o) (_calloc_r)
c:/progra~1/raspbe~1/picosd~1.1/gcc-ar~1/bin/../lib/gcc/arm-none-eabi/10.3.1/../../../../arm-none-eabi/lib/thumb/v6-m/nofp\libc.a(lib_a-errno.o)
                              c:/progra~1/raspbe~1/picosd~1.1/gcc-ar~1/bin/../lib/gcc/arm-none-eabi/10.3.1/../../../../arm-none-eabi/lib/thumb/v6-m/nofp\libc.a(lib_a-callocr.o) (__errno)
c:/progra~1/raspbe~1/picosd~1.1/gcc-ar~1/bin/../lib/gcc/arm-none-eabi/10.3.1/../../../../arm-none-eabi/lib/thumb/v6-m/nofp\libc.a(lib_a-impure.o)
                              c:/progra~1/raspbe~1/picosd~1.1/gcc-ar~1/bin/../lib/gcc/arm-none-eabi/10.3.1/../../../../arm-none-eabi/lib/thumb/v6-m/nofp\libc.a(lib_a-calloc.o) (_impure_ptr)
c:/progra~1/raspbe~1/picosd~1.1/gcc-ar~1/bin/../lib/gcc/arm-none-eabi/10.3.1/../../../../arm-none-eabi/lib/thumb/v6-m/nofp\libc.a(lib_a-init.o)
                              c:/progra~1/raspbe~1/picosd~1.1/gcc-ar~1/bin/../lib/gcc/arm-none-eabi/10.3.1/../../../../arm-none-eabi/lib/thumb/v6-m/nofp/crt0.o (__libc_init_array)
c:/progra~1/raspbe~1/picosd~1.1/gcc-ar~1/bin/../lib/gcc/arm-none-eabi/10.3.1/../../../../arm-none-eabi/lib/thumb/v6-m/nofp\libc.a(lib_a-malloc.o)
                              CMakeFiles/CALCULATOR.dir/C_/Program_Files/Raspberry_Pi/Pico_SDK_v1.5.1/pico-sdk/src/rp2_common/pico_malloc/pico_malloc.c.obj (malloc)
c:/progra~1/raspbe~1/picosd~1.1/gcc-ar~1/bin/../lib/gcc/arm-none-eabi/10.3.1/../../../../arm-none-eabi/lib/thumb/v6-m/nofp\libc.a(lib_a-mallocr.o)
                              c:/progra~1/raspbe~1/picosd~1.1/gcc-ar~1/bin/../lib/gcc/arm-none-eabi/10.3.1/../../../../arm-none-eabi/lib/thumb/v6-m/nofp\libc.a(lib_a-callocr.o) (_malloc_r)
c:/progra~1/raspbe~1/picosd~1.1/gcc-ar~1/bin/../lib/gcc/arm-none-eabi/10.3.1/../../../../arm-none-eabi/lib/thumb/v6-m/nofp\libc.a(lib_a-mlock.o)
                              c:/progra~1/raspbe~1/picosd~1.1/gcc-ar~1/bin/../lib/gcc/arm-none-eabi/10.3.1/../../../../arm-none-eabi/lib/thumb/v6-m/nofp\libc.a(lib_a-mallocr.o) (__malloc_lock)
c:/progra~1/raspbe~1/picosd~1.1/gcc-ar~1/bin/../lib/gcc/arm-none-eabi/10.3.1/../../../../arm-none-eabi/lib/thumb/v6-m/nofp\libc.a(lib_a-realloc.o)
                              CMakeFiles/CALCULATOR.dir/C_/Program_Files/Raspberry_Pi/Pico_SDK_v1.5.1/pico-sdk/src/rp2_common/pico_malloc/pico_malloc.c.obj (realloc)
c:/progra~1/raspbe~1/picosd~1.1/gcc-ar~1/bin/../lib/gcc/arm-none-eabi/10.3.1/../../../../arm-none-eabi/lib/thumb/v6-m/nofp\libc.a(lib_a-reallocr.o)
                              c:/progra~1/raspbe~1/picosd~1.1/gcc-ar~1/bin/../lib/gcc/arm-none-eabi/10.3.1/../../../../arm-none-eabi/lib/thumb/v6-m/nofp\libc.a(lib_a-realloc.o) (_realloc_r)
c:/progra~1/raspbe~1/picosd~1.1/gcc-ar~1/bin/../lib/gcc/arm-none-eabi/10.3.1/../../../../arm-none-eabi/lib/thumb/v6-m/nofp\libc.a(lib_a-sbrkr.o)
                              c:/progra~1/raspbe~1/picosd~1.1/gcc-ar~1/bin/../lib/gcc/arm-none-eabi/10.3.1/../../../../arm-none-eabi/lib/thumb/v6-m/nofp\libc.a(lib_a-mallocr.o) (_sbrk_r)
c:/progra~1/raspbe~1/picosd~1.1/gcc-ar~1/bin/../lib/gcc/arm-none-eabi/10.3.1/../../../../arm-none-eabi/lib/thumb/v6-m/nofp\libc.a(lib_a-strcat.o)
                              CMakeFiles/CALCULATOR.dir/global.c.obj (strcat)
c:/progra~1/raspbe~1/picosd~1.1/gcc-ar~1/bin/../lib/gcc/arm-none-eabi/10.3.1/../../../../arm-none-eabi/lib/thumb/v6-m/nofp\libc.a(lib_a-strcpy.o)
                              CMakeFiles/CALCULATOR.dir/global.c.obj (strcpy)
c:/progra~1/raspbe~1/picosd~1.1/gcc-ar~1/bin/../lib/gcc/arm-none-eabi/10.3.1/../../../../arm-none-eabi/lib/thumb/v6-m/nofp\libc.a(lib_a-strlen-stub.o)
                              CMakeFiles/CALCULATOR.dir/C_/Program_Files/Raspberry_Pi/Pico_SDK_v1.5.1/pico-sdk/src/rp2_common/pico_stdio/stdio.c.obj (strlen)
c:/progra~1/raspbe~1/picosd~1.1/gcc-ar~1/bin/../lib/gcc/arm-none-eabi/10.3.1/../../../../arm-none-eabi/lib/thumb/v6-m/nofp\libc.a(lib_a-freer.o)
[...]
Memory Configuration

Name             Origin             Length             Attributes
FLASH            0x10000000         0x00200000         xr
RAM              0x20000000         0x00040000         xrw
SCRATCH_X        0x20040000         0x00001000         xrw
SCRATCH_Y        0x20041000         0x00001000         xrw
*default*        0x00000000         0xffffffff

Linker script and memory map

LOAD c:/progra~1/raspbe~1/picosd~1.1/gcc-ar~1/bin/../lib/gcc/arm-none-eabi/10.3.1/thumb/v6-m/nofp/crti.o
LOAD c:/progra~1/raspbe~1/picosd~1.1/gcc-ar~1/bin/../lib/gcc/arm-none-eabi/10.3.1/thumb/v6-m/nofp/crtbegin.o
LOAD c:/progra~1/raspbe~1/picosd~1.1/gcc-ar~1/bin/../lib/gcc/arm-none-eabi/10.3.1/../../../../arm-none-eabi/lib/thumb/v6-m/nofp/crt0.o

.flash_begin    0x10000000        0x0
                0x10000000                __flash_binary_start = .

.boot2          0x10000000      0x100
                0x10000000                __boot2_start__ = .
 *(.boot2)
 .boot2         0x10000000      0x100 C:\Users\otienom\AppData\Local\Temp\ccelLkEK.o
                0x10000100                __boot2_end__ = .
                0x00000001                ASSERT (((__boot2_end__ - __boot2_start__) == 0x100), ERROR: Pico second stage bootloader must be 256 bytes in size)

.text           0x10000100     0x76e0
                0x10000100                __logical_binary_start = .
 *(.vectors)
 .vectors       0x10000100       0xd4 CMakeFiles/CALCULATOR.dir/C_/Program_Files/Raspberry_Pi/Pico_SDK_v1.5.1/pico-sdk/src/rp2_common/pico_standard_link/crt0.S.obj
                0x10000100                __VECTOR_TABLE
                0x10000100                __vectors
                0x100001c0                isr_invalid
                0x100001c0                __default_isrs_start
                0x100001c2                isr_nmi
                0x100001c4                isr_hardfault
                0x100001c6                isr_svcall
                0x100001c8                isr_pendsv
                0x100001ca                isr_systick
                0x100001cc                isr_irq23
                0x100001cc                isr_irq18
                0x100001cc                isr_irq11
                0x100001cc                isr_irq28
                0x100001cc                isr_irq19
                0x100001cc                isr_irq0
                0x100001cc                isr_irq6
                0x100001cc                isr_irq5
                0x100001cc                isr_irq12
                0x100001cc                isr_irq22
                0x100001cc                isr_irq31
                0x100001cc                isr_irq17
                0x100001cc                isr_irq27
                0x100001cc                isr_irq30
                0x100001cc                isr_irq2
                0x100001cc                isr_irq10
                0x100001cc                isr_irq8
                0x100001cc                isr_irq24
                0x100001cc                isr_irq1
                0x100001cc                isr_irq7
                0x100001cc                isr_irq21
                0x100001cc                isr_irq20
                0x100001cc                isr_irq15
                0x100001cc                isr_irq25
                0x100001cc                isr_irq13
                0x100001cc                __unhandled_user_irq
                0x100001cc                isr_irq4
                0x100001cc                isr_irq16
                0x100001cc                isr_irq29
                0x100001cc                isr_irq26
                0x100001cc                __default_isrs_end
                0x100001cc                isr_irq3
                0x100001cc                isr_irq14
                0x100001cc                isr_irq9
                0x100001d2                unhandled_user_irq_num_in_r0
 *(.binary_info_header)
 .binary_info_header
                0x100001d4       0x14 CMakeFiles/CALCULATOR.dir/C_/Program_Files/Raspberry_Pi/Pico_SDK_v1.5.1/pico-sdk/src/rp2_common/pico_standard_link/crt0.S.obj
                0x100001e8                __binary_info_header_end = .
 *(.reset)
 .reset         0x100001e8       0xa0 CMakeFiles/CALCULATOR.dir/C_/Program_Files/Raspberry_Pi/Pico_SDK_v1.5.1/pico-sdk/src/rp2_common/pico_standard_link/crt0.S.obj
                0x100001e8                _entry_point
 .reset         0x10000288       0x30 CMakeFiles/CALCULATOR.dir/C_/Program_Files/Raspberry_Pi/Pico_SDK_v1.5.1/pico-sdk/src/rp2_common/pico_standard_link/binary_info.c.obj
 *(.init)
 .init          0x100002b8        0x4 c:/progra~1/raspbe~1/picosd~1.1/gcc-ar~1/bin/../lib/gcc/arm-none-eabi/10.3.1/thumb/v6-m/nofp/crti.o
                0x100002b8                _init
 *(EXCLUDE_FILE(*libm.a: *libc.a:*lib_a-mem*.o *libgcc.a:) .text*)
 .text          0x100002bc       0x48 c:/progra~1/raspbe~1/picosd~1.1/gcc-ar~1/bin/../lib/gcc/arm-none-eabi/10.3.1/thumb/v6-m/nofp/crtbegin.o
 .text.startup.main
                0x10000304       0xc8 CMakeFiles/CALCULATOR.dir/main.c.obj
                0x10000304                main
 .text.get_ts_lcd
                0x100003cc       0x6c CMakeFiles/CALCULATOR.dir/ts_lcd.c.obj
                0x100003cc                get_ts_lcd
 .text.ts_lcd_init
                0x10000438       0x28 CMakeFiles/CALCULATOR.dir/ts_lcd.c.obj
                0x10000438                ts_lcd_init
 .text.render_button
                0x10000460       0x64 CMakeFiles/CALCULATOR.dir/ts_lcd.c.obj
                0x10000460                render_button
 .text.render_text
                0x100004c4       0x44 CMakeFiles/CALCULATOR.dir/ts_lcd.c.obj
                0x100004c4                render_text
 .text.getPoint
                0x10000508      0x2c0 CMakeFiles/CALCULATOR.dir/TouchScreen.c.obj
                0x10000508                getPoint
 .text.pioPinHandler
                0x100007c8       0x18 CMakeFiles/CALCULATOR.dir/TFTMaster.c.obj
                0x100007c8                pioPinHandler
 .text.tft_init_hw
                0x100007e0      0x13c CMakeFiles/CALCULATOR.dir/TFTMaster.c.obj
                0x100007e0                tft_init_hw
 .text.tft_spiwrite16
                0x1000091c       0x50 CMakeFiles/CALCULATOR.dir/TFTMaster.c.obj
                0x1000091c                tft_spiwrite16
 .text.tft_drawPixel.part.0
                0x1000096c      0x9b0 CMakeFiles/CALCULATOR.dir/TFTMaster.c.obj
 .text.tft_begin
                0x1000131c     0x1338 CMakeFiles/CALCULATOR.dir/TFTMaster.c.obj
                0x1000131c                tft_begin
 .text.tft_setAddrWindow
                0x10002654      0x14c CMakeFiles/CALCULATOR.dir/TFTMaster.c.obj
                0x10002654                tft_setAddrWindow
 .text.tft_fillRect
                0x100027a0       0xc8 CMakeFiles/CALCULATOR.dir/TFTMaster.c.obj
                0x100027a0                tft_fillRect
 .text.tft_fillScreen
                0x10002868       0x28 CMakeFiles/CALCULATOR.dir/TFTMaster.c.obj
                0x10002868                tft_fillScreen
 .text.tft_setRotation
                0x10002890      0x128 CMakeFiles/CALCULATOR.dir/TFTMaster.c.obj
                0x10002890                tft_setRotation
 .text.tft_drawChar
                0x100029b8      0x15c CMakeFiles/CALCULATOR.dir/TFTMaster.c.obj
                0x100029b8                tft_drawChar
 .text.tft_write
                0x10002b14       0xb0 CMakeFiles/CALCULATOR.dir/TFTMaster.c.obj
                0x10002b14                tft_write
 .text.tft_writeString
                0x10002bc4       0xd8 CMakeFiles/CALCULATOR.dir/TFTMaster.c.obj
                0x10002bc4                tft_writeString
 .text.tft_setCursor
                0x10002c9c       0x14 CMakeFiles/CALCULATOR.dir/TFTMaster.c.obj
                0x10002c9c                tft_setCursor
 .text.tft_setTextSize
                0x10002cb0       0x14 CMakeFiles/CALCULATOR.dir/TFTMaster.c.obj
                0x10002cb0                tft_setTextSize
 .text.tft_setTextColor
                0x10002cc4       0x14 CMakeFiles/CALCULATOR.dir/TFTMaster.c.obj
                0x10002cc4                tft_setTextColor
 .text.tick_button
                0x10002cd8       0x6c CMakeFiles/CALCULATOR.dir/button.c.obj
                0x10002cd8                tick_button
 .text.create_All_Buttons
                0x10002d44      0x1d0 CMakeFiles/CALCULATOR.dir/button.c.obj
                0x10002d44                create_All_Buttons
 .text.timer_read
                0x10002f14        0xc CMakeFiles/CALCULATOR.dir/timer.c.obj
                0x10002f14                timer_read
 .text.timer_elapsed_ms
                0x10002f20       0x10 CMakeFiles/CALCULATOR.dir/timer.c.obj
                0x10002f20                timer_elapsed_ms
 .text.display_bottons
                0x10002f30       0x28 CMakeFiles/CALCULATOR.dir/display.c.obj
                0x10002f30                display_bottons
 .text.display_text
                0x10002f58       0x10 CMakeFiles/CALCULATOR.dir/display.c.obj
                0x10002f58                display_text
 .text.button_info_fill
                0x10002f68      0x148 CMakeFiles/CALCULATOR.dir/touchin_validation.c.obj
                0x10002f68                button_info_fill
 .text.equals   0x100030b0       0xb8 CMakeFiles/CALCULATOR.dir/calculator.c.obj
                0x100030b0                equals
 .text.clear_calc
                0x10003168       0x24 CMakeFiles/CALCULATOR.dir/calculator.c.obj
                0x10003168                clear_calc
 .text.update_Display
                0x1000318c       0x18 CMakeFiles/CALCULATOR.dir/global.c.obj
                0x1000318c                update_Display
 .text.set_Display_Result
                0x100031a4       0x18 CMakeFiles/CALCULATOR.dir/global.c.obj
                0x100031a4                set_Display_Result
 .text.set_Display_Error
                0x100031bc       0x10 CMakeFiles/CALCULATOR.dir/global.c.obj
                0x100031bc                set_Display_Error
 .text.clear_global_operator
                0x100031cc        0xc CMakeFiles/CALCULATOR.dir/global.c.obj
                0x100031cc                clear_global_operator
 .text.clear_all
                0x100031d8       0x34 CMakeFiles/CALCULATOR.dir/global.c.obj
                0x100031d8                clear_all
 .text.set_global_operand1
                0x1000320c       0x1c CMakeFiles/CALCULATOR.dir/global.c.obj
                0x1000320c                set_global_operand1
 .text.set_global_operand2
                0x10003228       0x1c CMakeFiles/CALCULATOR.dir/global.c.obj
                0x10003228                set_global_operand2
 .text.set_global_operator
                0x10003244        0xc CMakeFiles/CALCULATOR.dir/global.c.obj
                0x10003244                set_global_operator
 .text.init_calculator_fsm
                0x10003250       0x50 CMakeFiles/CALCULATOR.dir/calculator_fsm.c.obj
                0x10003250                init_calculator_fsm
 .text.tick_calculator_fsm
                0x100032a0      0x20c CMakeFiles/CALCULATOR.dir/calculator_fsm.c.obj
                0x100032a0                tick_calculator_fsm
 .text.gpio_set_function
                0x100034ac       0x30 CMakeFiles/CALCULATOR.dir/C_/Program_Files/Raspberry_Pi/Pico_SDK_v1.5.1/pico-sdk/src/rp2_common/hardware_gpio/gpio.c.obj
                0x100034ac                gpio_set_function
 .text.gpio_set_pulls
                0x100034dc       0x30 CMakeFiles/CALCULATOR.dir/C_/Program_Files/Raspberry_Pi/Pico_SDK_v1.5.1/pico-sdk/src/rp2_common/hardware_gpio/gpio.c.obj
                0x100034dc                gpio_set_pulls
 .text.gpio_set_outover
                0x1000350c       0x24 CMakeFiles/CALCULATOR.dir/C_/Program_Files/Raspberry_Pi/Pico_SDK_v1.5.1/pico-sdk/src/rp2_common/hardware_gpio/gpio.c.obj
                0x1000350c                gpio_set_outover
 .text.gpio_set_input_enabled
                0x10003530       0x28 CMakeFiles/CALCULATOR.dir/C_/Program_Files/Raspberry_Pi/Pico_SDK_v1.5.1/pico-sdk/src/rp2_common/hardware_gpio/gpio.c.obj
                0x10003530                gpio_set_input_enabled
 .text.gpio_init
                0x10003558       0x3c CMakeFiles/CALCULATOR.dir/C_/Program_Files/Raspberry_Pi/Pico_SDK_v1.5.1/pico-sdk/src/rp2_common/hardware_gpio/gpio.c.obj
                0x10003558                gpio_init
 .text.running_on_fpga
                0x10003594       0x10 CMakeFiles/CALCULATOR.dir/C_/Program_Files/Raspberry_Pi/Pico_SDK_v1.5.1/pico-sdk/src/rp2_common/pico_platform/platform.c.obj
                0x10003594                running_on_fpga
 .text.hw_claim_lock
                0x100035a4       0x18 CMakeFiles/CALCULATOR.dir/C_/Program_Files/Raspberry_Pi/Pico_SDK_v1.5.1/pico-sdk/src/rp2_common/hardware_claim/claim.c.obj
                0x100035a4                hw_claim_lock
 .text.hw_claim_unlock
                0x100035bc       0x14 CMakeFiles/CALCULATOR.dir/C_/Program_Files/Raspberry_Pi/Pico_SDK_v1.5.1/pico-sdk/src/rp2_common/hardware_claim/claim.c.obj
                0x100035bc                hw_claim_unlock
 .text.hw_claim_or_assert
                0x100035d0       0x44 CMakeFiles/CALCULATOR.dir/C_/Program_Files/Raspberry_Pi/Pico_SDK_v1.5.1/pico-sdk/src/rp2_common/hardware_claim/claim.c.obj
                0x100035d0                hw_claim_or_assert
 .text.spin_locks_reset
                0x10003614       0x1c CMakeFiles/CALCULATOR.dir/C_/Program_Files/Raspberry_Pi/Pico_SDK_v1.5.1/pico-sdk/src/rp2_common/hardware_sync/sync.c.obj
                0x10003614                spin_locks_reset
 .text.next_striped_spin_lock_num
                0x10003630       0x18 CMakeFiles/CALCULATOR.dir/C_/Program_Files/Raspberry_Pi/Pico_SDK_v1.5.1/pico-sdk/src/rp2_common/hardware_sync/sync.c.obj
                0x10003630                next_striped_spin_lock_num
 .text.irq_set_enabled
                0x10003648       0x24 CMakeFiles/CALCULATOR.dir/C_/Program_Files/Raspberry_Pi/Pico_SDK_v1.5.1/pico-sdk/src/rp2_common/hardware_irq/irq.c.obj
                0x10003648                irq_set_enabled
 .text.irq_get_vtable_handler
                0x1000366c       0x10 CMakeFiles/CALCULATOR.dir/C_/Program_Files/Raspberry_Pi/Pico_SDK_v1.5.1/pico-sdk/src/rp2_common/hardware_irq/irq.c.obj
                0x1000366c                irq_get_vtable_handler
 .text.irq_set_exclusive_handler
                0x1000367c       0x54 CMakeFiles/CALCULATOR.dir/C_/Program_Files/Raspberry_Pi/Pico_SDK_v1.5.1/pico-sdk/src/rp2_common/hardware_irq/irq.c.obj
                0x1000367c                irq_set_exclusive_handler
 .text.irq_remove_handler
                0x100036d0      0x1b0 CMakeFiles/CALCULATOR.dir/C_/Program_Files/Raspberry_Pi/Pico_SDK_v1.5.1/pico-sdk/src/rp2_common/hardware_irq/irq.c.obj
                0x100036d0                irq_remove_handler
 .text.irq_add_tail_to_free_list
                0x10003880       0xb4 CMakeFiles/CALCULATOR.dir/C_/Program_Files/Raspberry_Pi/Pico_SDK_v1.5.1/pico-sdk/src/rp2_common/hardware_irq/irq.c.obj
                0x10003880                irq_add_tail_to_free_list
 .text.irq_init_priorities
                0x10003934       0x24 CMakeFiles/CALCULATOR.dir/C_/Program_Files/Raspberry_Pi/Pico_SDK_v1.5.1/pico-sdk/src/rp2_common/hardware_irq/irq.c.obj
                0x10003934                irq_init_priorities
 .text.lock_init
                0x10003958       0x10 CMakeFiles/CALCULATOR.dir/C_/Program_Files/Raspberry_Pi/Pico_SDK_v1.5.1/pico-sdk/src/common/pico_sync/lock_core.c.obj
                0x10003958                lock_init
 .text.mutex_init
                0x10003968       0x1c CMakeFiles/CALCULATOR.dir/C_/Program_Files/Raspberry_Pi/Pico_SDK_v1.5.1/pico-sdk/src/common/pico_sync/mutex.c.obj
                0x10003968                mutex_init
 .text.recursive_mutex_init
                0x10003984       0x1c CMakeFiles/CALCULATOR.dir/C_/Program_Files/Raspberry_Pi/Pico_SDK_v1.5.1/pico-sdk/src/common/pico_sync/mutex.c.obj
                0x10003984                recursive_mutex_init
 .text.timer_pool_entry_comparator
                0x100039a0       0x34 CMakeFiles/CALCULATOR.dir/C_/Program_Files/Raspberry_Pi/Pico_SDK_v1.5.1/pico-sdk/src/common/pico_time/time.c.obj
                0x100039a0                timer_pool_entry_comparator
 .text.sleep_until_callback
                0x100039d4       0x30 CMakeFiles/CALCULATOR.dir/C_/Program_Files/Raspberry_Pi/Pico_SDK_v1.5.1/pico-sdk/src/common/pico_time/time.c.obj
 .text.add_alarm_under_lock.isra.0
                0x10003a04      0x100 CMakeFiles/CALCULATOR.dir/C_/Program_Files/Raspberry_Pi/Pico_SDK_v1.5.1/pico-sdk/src/common/pico_time/time.c.obj
 .text.alarm_pool_alarm_callback
                0x10003b04      0x1bc CMakeFiles/CALCULATOR.dir/C_/Program_Files/Raspberry_Pi/Pico_SDK_v1.5.1/pico-sdk/src/common/pico_time/time.c.obj
 .text.alarm_pool_init_default
                0x10003cc0       0x6c CMakeFiles/CALCULATOR.dir/C_/Program_Files/Raspberry_Pi/Pico_SDK_v1.5.1/pico-sdk/src/common/pico_time/time.c.obj
                0x10003cc0                alarm_pool_init_default
 .text.alarm_pool_add_alarm_at
                0x10003d2c      0x178 CMakeFiles/CALCULATOR.dir/C_/Program_Files/Raspberry_Pi/Pico_SDK_v1.5.1/pico-sdk/src/common/pico_time/time.c.obj
                0x10003d2c                alarm_pool_add_alarm_at
 .text.sleep_until
                0x10003ea4       0xc4 CMakeFiles/CALCULATOR.dir/C_/Program_Files/Raspberry_Pi/Pico_SDK_v1.5.1/pico-sdk/src/common/pico_time/time.c.obj
                0x10003ea4                sleep_until
 .text.sleep_ms
                0x10003f68       0x34 CMakeFiles/CALCULATOR.dir/C_/Program_Files/Raspberry_Pi/Pico_SDK_v1.5.1/pico-sdk/src/common/pico_time/time.c.obj
                0x10003f68                sleep_ms
 .text.best_effort_wfe_or_timeout
                0x10003f9c       0xd4 CMakeFiles/CALCULATOR.dir/C_/Program_Files/Raspberry_Pi/Pico_SDK_v1.5.1/pico-sdk/src/common/pico_time/time.c.obj
                0x10003f9c                best_effort_wfe_or_timeout
 .text.hardware_alarm_irq_handler
                0x10004070       0xbc CMakeFiles/CALCULATOR.dir/C_/Program_Files/Raspberry_Pi/Pico_SDK_v1.5.1/pico-sdk/src/rp2_common/hardware_timer/timer.c.obj
 .text.hardware_alarm_claim
                0x1000412c       0x18 CMakeFiles/CALCULATOR.dir/C_/Program_Files/Raspberry_Pi/Pico_SDK_v1.5.1/pico-sdk/src/rp2_common/hardware_timer/timer.c.obj
                0x1000412c                hardware_alarm_claim
 .text.time_us_64
                0x10004144       0x14 CMakeFiles/CALCULATOR.dir/C_/Program_Files/Raspberry_Pi/Pico_SDK_v1.5.1/pico-sdk/src/rp2_common/hardware_timer/timer.c.obj
                0x10004144                time_us_64
 .text.busy_wait_us
                0x10004158       0x54 CMakeFiles/CALCULATOR.dir/C_/Program_Files/Raspberry_Pi/Pico_SDK_v1.5.1/pico-sdk/src/rp2_common/hardware_timer/timer.c.obj
                0x10004158                busy_wait_us
 .text.busy_wait_until
                0x100041ac       0x20 CMakeFiles/CALCULATOR.dir/C_/Program_Files/Raspberry_Pi/Pico_SDK_v1.5.1/pico-sdk/src/rp2_common/hardware_timer/timer.c.obj
                0x100041ac                busy_wait_until
 .text.hardware_alarm_set_callback
                0x100041cc       0x8c CMakeFiles/CALCULATOR.dir/C_/Program_Files/Raspberry_Pi/Pico_SDK_v1.5.1/pico-sdk/src/rp2_common/hardware_timer/timer.c.obj
                0x100041cc                hardware_alarm_set_callback
 .text.hardware_alarm_set_target
                0x10004258       0xd4 CMakeFiles/CALCULATOR.dir/C_/Program_Files/Raspberry_Pi/Pico_SDK_v1.5.1/pico-sdk/src/rp2_common/hardware_timer/timer.c.obj
                0x10004258                hardware_alarm_set_target
 .text.hardware_alarm_cancel
                0x1000432c       0x3c CMakeFiles/CALCULATOR.dir/C_/Program_Files/Raspberry_Pi/Pico_SDK_v1.5.1/pico-sdk/src/rp2_common/hardware_timer/timer.c.obj
                0x1000432c                hardware_alarm_cancel
 .text.ph_merge_nodes
                0x10004368       0x68 CMakeFiles/CALCULATOR.dir/C_/Program_Files/Raspberry_Pi/Pico_SDK_v1.5.1/pico-sdk/src/common/pico_util/pheap.c.obj
 .text.ph_post_alloc_init
                0x100043d0       0x3c CMakeFiles/CALCULATOR.dir/C_/Program_Files/Raspberry_Pi/Pico_SDK_v1.5.1/pico-sdk/src/common/pico_util/pheap.c.obj
                0x100043d0                ph_post_alloc_init
 .text.ph_merge_two_pass
                0x1000440c       0x90 CMakeFiles/CALCULATOR.dir/C_/Program_Files/Raspberry_Pi/Pico_SDK_v1.5.1/pico-sdk/src/common/pico_util/pheap.c.obj
                0x1000440c                ph_merge_two_pass
 .text.ph_remove_any_head
                0x1000449c      0x100 CMakeFiles/CALCULATOR.dir/C_/Program_Files/Raspberry_Pi/Pico_SDK_v1.5.1/pico-sdk/src/common/pico_util/pheap.c.obj
 .text.ph_remove_head
                0x1000459c      0x104 CMakeFiles/CALCULATOR.dir/C_/Program_Files/Raspberry_Pi/Pico_SDK_v1.5.1/pico-sdk/src/common/pico_util/pheap.c.obj
                0x1000459c                ph_remove_head
 .text.ph_remove_and_free_node
                0x100046a0       0x7c CMakeFiles/CALCULATOR.dir/C_/Program_Files/Raspberry_Pi/Pico_SDK_v1.5.1/pico-sdk/src/common/pico_util/pheap.c.obj
                0x100046a0                ph_remove_and_free_node
 .text.clocks_init
                0x1000471c      0x2d0 CMakeFiles/CALCULATOR.dir/C_/Program_Files/Raspberry_Pi/Pico_SDK_v1.5.1/pico-sdk/src/rp2_common/hardware_clocks/clocks.c.obj
                0x1000471c                clocks_init
 .text.pll_init
                0x100049ec       0xa0 CMakeFiles/CALCULATOR.dir/C_/Program_Files/Raspberry_Pi/Pico_SDK_v1.5.1/pico-sdk/src/rp2_common/hardware_pll/pll.c.obj
                0x100049ec                pll_init
 .text.watchdog_start_tick
                0x10004a8c       0x10 CMakeFiles/CALCULATOR.dir/C_/Program_Files/Raspberry_Pi/Pico_SDK_v1.5.1/pico-sdk/src/rp2_common/hardware_watchdog/watchdog.c.obj
                0x10004a8c                watchdog_start_tick
 .text.xosc_init
                0x10004a9c       0x28 CMakeFiles/CALCULATOR.dir/C_/Program_Files/Raspberry_Pi/Pico_SDK_v1.5.1/pico-sdk/src/rp2_common/hardware_xosc/xosc.c.obj
                0x10004a9c                xosc_init
 .text.runtime_init
                0x10004ac4       0xf0 CMakeFiles/CALCULATOR.dir/C_/Program_Files/Raspberry_Pi/Pico_SDK_v1.5.1/pico-sdk/src/rp2_common/pico_runtime/runtime.c.obj
                0x10004ac4                runtime_init
 .text._exit    0x10004bb4        0x4 CMakeFiles/CALCULATOR.dir/C_/Program_Files/Raspberry_Pi/Pico_SDK_v1.5.1/pico-sdk/src/rp2_common/pico_runtime/runtime.c.obj
                0x10004bb4                _exit
 .text.exit     0x10004bb8        0x8 CMakeFiles/CALCULATOR.dir/C_/Program_Files/Raspberry_Pi/Pico_SDK_v1.5.1/pico-sdk/src/rp2_common/pico_runtime/runtime.c.obj
                0x10004bb8                exit
 .text.panic    0x10004bc0       0x30 CMakeFiles/CALCULATOR.dir/C_/Program_Files/Raspberry_Pi/Pico_SDK_v1.5.1/pico-sdk/src/rp2_common/pico_runtime/runtime.c.obj
                0x10004bc0                panic
 .text.hard_assertion_failure
                0x10004bf0        0xc CMakeFiles/CALCULATOR.dir/C_/Program_Files/Raspberry_Pi/Pico_SDK_v1.5.1/pico-sdk/src/rp2_common/pico_runtime/runtime.c.obj
                0x10004bf0                hard_assertion_failure
 .text._out_buffer
                0x10004bfc        0x8 CMakeFiles/CALCULATOR.dir/C_/Program_Files/Raspberry_Pi/Pico_SDK_v1.5.1/pico-sdk/src/rp2_common/pico_printf/printf.c.obj
 .text._out_null
                0x10004c04        0x4 CMakeFiles/CALCULATOR.dir/C_/Program_Files/Raspberry_Pi/Pico_SDK_v1.5.1/pico-sdk/src/rp2_common/pico_printf/printf.c.obj
 .text._out_rev
                0x10004c08       0x9c CMakeFiles/CALCULATOR.dir/C_/Program_Files/Raspberry_Pi/Pico_SDK_v1.5.1/pico-sdk/src/rp2_common/pico_printf/printf.c.obj
 .text._ntoa_format
                0x10004ca4      0x1cc CMakeFiles/CALCULATOR.dir/C_/Program_Files/Raspberry_Pi/Pico_SDK_v1.5.1/pico-sdk/src/rp2_common/pico_printf/printf.c.obj
 .text._out_char
                0x10004e70       0x10 CMakeFiles/CALCULATOR.dir/C_/Program_Files/Raspberry_Pi/Pico_SDK_v1.5.1/pico-sdk/src/rp2_common/pico_printf/printf.c.obj
 .text._etoa    0x10004e80      0x44c CMakeFiles/CALCULATOR.dir/C_/Program_Files/Raspberry_Pi/Pico_SDK_v1.5.1/pico-sdk/src/rp2_common/pico_printf/printf.c.obj
 .text._ftoa    0x100052cc      0x398 CMakeFiles/CALCULATOR.dir/C_/Program_Files/Raspberry_Pi/Pico_SDK_v1.5.1/pico-sdk/src/rp2_common/pico_printf/printf.c.obj
 .text._vsnprintf
                0x10005664      0xb04 CMakeFiles/CALCULATOR.dir/C_/Program_Files/Raspberry_Pi/Pico_SDK_v1.5.1/pico-sdk/src/rp2_common/pico_printf/printf.c.obj
 .text.__wrap_sprintf
                0x10006168       0x28 CMakeFiles/CALCULATOR.dir/C_/Program_Files/Raspberry_Pi/Pico_SDK_v1.5.1/pico-sdk/src/rp2_common/pico_printf/printf.c.obj
                0x10006168                __wrap_sprintf
 .text.weak_raw_vprintf
                0x10006190       0x30 CMakeFiles/CALCULATOR.dir/C_/Program_Files/Raspberry_Pi/Pico_SDK_v1.5.1/pico-sdk/src/rp2_common/pico_printf/printf.c.obj
                0x10006190                weak_raw_vprintf
 .text          0x100061c0       0x10 CMakeFiles/CALCULATOR.dir/C_/Program_Files/Raspberry_Pi/Pico_SDK_v1.5.1/pico-sdk/src/rp2_common/pico_bit_ops/bit_ops_aeabi.S.obj
 .text.ctzsi    0x100061d0        0xc CMakeFiles/CALCULATOR.dir/C_/Program_Files/Raspberry_Pi/Pico_SDK_v1.5.1/pico-sdk/src/rp2_common/pico_bit_ops/bit_ops_aeabi.S.obj
                0x100061d0                __wrap___ctzsi2
 .text.rom_func_lookup
                0x100061dc       0x10 CMakeFiles/CALCULATOR.dir/C_/Program_Files/Raspberry_Pi/Pico_SDK_v1.5.1/pico-sdk/src/rp2_common/pico_bootrom/bootrom.c.obj
                0x100061dc                rom_func_lookup
 .text.rom_data_lookup
                0x100061ec       0x10 CMakeFiles/CALCULATOR.dir/C_/Program_Files/Raspberry_Pi/Pico_SDK_v1.5.1/pico-sdk/src/rp2_common/pico_bootrom/bootrom.c.obj
                0x100061ec                rom_data_lookup
 .text.rom_funcs_lookup
                0x100061fc       0x44 CMakeFiles/CALCULATOR.dir/C_/Program_Files/Raspberry_Pi/Pico_SDK_v1.5.1/pico-sdk/src/rp2_common/pico_bootrom/bootrom.c.obj
                0x100061fc                rom_funcs_lookup
 .text.__wrap___aeabi_idiv
                0x10006240       0x50 CMakeFiles/CALCULATOR.dir/C_/Program_Files/Raspberry_Pi/Pico_SDK_v1.5.1/pico-sdk/src/rp2_common/pico_divider/divider.S.obj
                0x10006240                __wrap___aeabi_idivmod
                0x10006240                divmod_s32s32
                0x10006240                div_s32s32
                0x10006240                __wrap___aeabi_idiv
                0x10006248                divmod_s32s32_unsafe
                0x10006274                divmod_s32s32_savestate
 .text.__wrap___aeabi_uidiv
                0x10006290       0x4c CMakeFiles/CALCULATOR.dir/C_/Program_Files/Raspberry_Pi/Pico_SDK_v1.5.1/pico-sdk/src/rp2_common/pico_divider/divider.S.obj
                0x10006290                __wrap___aeabi_uidiv
                0x10006290                __wrap___aeabi_uidivmod
                0x10006290                div_u32u32
                0x10006290                divmod_u32u32
                0x10006298                divmod_u32u32_unsafe
                0x100062c0                divmod_u32u32_savestate
 .text.__wrap___aeabi_ldiv
                0x100062dc      0x424 CMakeFiles/CALCULATOR.dir/C_/Program_Files/Raspberry_Pi/Pico_SDK_v1.5.1/pico-sdk/src/rp2_common/pico_divider/divider.S.obj
                0x100062dc                div_s64s64
                0x100062dc                divmod_s64s64
                0x100062dc                __wrap___aeabi_ldivmod
                0x1000630c                divmod_u64u64
                0x1000630c                div_u64u64
                0x1000630c                __wrap___aeabi_uldivmod
                0x1000631c                divmod_u64u64_savestate
                0x1000633c                divmod_s64s64_unsafe
                0x100063c4                divmod_u64u64_unsafe
 .text.__wrap___aeabi_darithmetic
                0x10006700       0x80 CMakeFiles/CALCULATOR.dir/C_/Program_Files/Raspberry_Pi/Pico_SDK_v1.5.1/pico-sdk/src/rp2_common/pico_double/double_aeabi.S.obj
                0x10006700                __wrap___aeabi_drsub
                0x10006706                __wrap___aeabi_dsub
                0x10006718                __wrap___aeabi_dadd
                0x1000672a                __wrap___aeabi_ddiv
                0x10006766                __wrap___aeabi_dmul
 .text.__wrap___aeabi_cdcmple
                0x10006780       0x6c CMakeFiles/CALCULATOR.dir/C_/Program_Files/Raspberry_Pi/Pico_SDK_v1.5.1/pico-sdk/src/rp2_common/pico_double/double_aeabi.S.obj
                0x10006780                __wrap___aeabi_cdrcmple
                0x10006790                __wrap___aeabi_cdcmpeq
                0x10006790                __wrap___aeabi_cdcmple
 .text.__wrap___aeabi_dcmplt
                0x100067ec        0xc CMakeFiles/CALCULATOR.dir/C_/Program_Files/Raspberry_Pi/Pico_SDK_v1.5.1/pico-sdk/src/rp2_common/pico_double/double_aeabi.S.obj
                0x100067ec                __wrap___aeabi_dcmplt
 .text.__wrap___aeabi_dcmple
                0x100067f8       0x10 CMakeFiles/CALCULATOR.dir/C_/Program_Files/Raspberry_Pi/Pico_SDK_v1.5.1/pico-sdk/src/rp2_common/pico_double/double_aeabi.S.obj
                0x100067f8                __wrap___aeabi_dcmple
 .text.__wrap___aeabi_dcmpge
                0x10006808       0x10 CMakeFiles/CALCULATOR.dir/C_/Program_Files/Raspberry_Pi/Pico_SDK_v1.5.1/pico-sdk/src/rp2_common/pico_double/double_aeabi.S.obj
                0x10006808                __wrap___aeabi_dcmpge
 .text.__wrap___aeabi_dcmpgt
                0x10006818        0xa CMakeFiles/CALCULATOR.dir/C_/Program_Files/Raspberry_Pi/Pico_SDK_v1.5.1/pico-sdk/src/rp2_common/pico_double/double_aeabi.S.obj
                0x10006818                __wrap___aeabi_dcmpgt
 .text.__wrap___aeabi_dcmpun
                0x10006822       0x1c CMakeFiles/CALCULATOR.dir/C_/Program_Files/Raspberry_Pi/Pico_SDK_v1.5.1/pico-sdk/src/rp2_common/pico_double/double_aeabi.S.obj
                0x10006822                __wrap___aeabi_dcmpun
 *fill*         0x1000683e        0x2 
 .text.__wrap___aeabi_i2d
                0x10006840       0x38 CMakeFiles/CALCULATOR.dir/C_/Program_Files/Raspberry_Pi/Pico_SDK_v1.5.1/pico-sdk/src/rp2_common/pico_double/double_aeabi.S.obj
                0x10006840                __wrap___aeabi_ui2d
                0x10006848                __wrap___aeabi_i2d
 .text.__wrap___aeabi_d2iz
                0x10006878       0x48 CMakeFiles/CALCULATOR.dir/C_/Program_Files/Raspberry_Pi/Pico_SDK_v1.5.1/pico-sdk/src/rp2_common/pico_double/double_aeabi.S.obj
                0x10006878                double2int_z
                0x10006878                __wrap___aeabi_d2iz
 .text.__wrap___aeabi_d2uiz
                0x100068c0       0x18 CMakeFiles/CALCULATOR.dir/C_/Program_Files/Raspberry_Pi/Pico_SDK_v1.5.1/pico-sdk/src/rp2_common/pico_double/double_aeabi.S.obj
                0x100068c0                __wrap___aeabi_d2uiz
                0x100068c0                double2uint
 .text.__aeabi_double_init
                0x100068d8       0x94 CMakeFiles/CALCULATOR.dir/C_/Program_Files/Raspberry_Pi/Pico_SDK_v1.5.1/pico-sdk/src/rp2_common/pico_double/double_init_rom.c.obj
                0x100068d8                __aeabi_double_init
 .text.double_table_shim_on_use_helper
                0x1000696c       0x2c CMakeFiles/CALCULATOR.dir/C_/Program_Files/Raspberry_Pi/Pico_SDK_v1.5.1/pico-sdk/src/rp2_common/pico_double/double_v1_rom_shim.S.obj
                0x1000696c                double_table_shim_on_use_helper
 .text.__wrap___aeabi_dsub
                0x10006998       0x10 CMakeFiles/CALCULATOR.dir/C_/Program_Files/Raspberry_Pi/Pico_SDK_v1.5.1/pico-sdk/src/rp2_common/pico_double/double_v1_rom_shim.S.obj
                0x10006998                drsub_shim
                0x1000699e                dsub_shim
 .text.dadd_shim
                0x100069a8      0x15c CMakeFiles/CALCULATOR.dir/C_/Program_Files/Raspberry_Pi/Pico_SDK_v1.5.1/pico-sdk/src/rp2_common/pico_double/double_v1_rom_shim.S.obj
                0x100069a8                dadd_shim
 .text.dmul_shim
                0x10006b04      0x15c CMakeFiles/CALCULATOR.dir/C_/Program_Files/Raspberry_Pi/Pico_SDK_v1.5.1/pico-sdk/src/rp2_common/pico_double/double_v1_rom_shim.S.obj
                0x10006b04                dmul_shim
 .text.ddiv_shim
                0x10006c60      0x1b0 CMakeFiles/CALCULATOR.dir/C_/Program_Files/Raspberry_Pi/Pico_SDK_v1.5.1/pico-sdk/src/rp2_common/pico_double/double_v1_rom_shim.S.obj
                0x10006c60                ddiv_shim
 .text.double2uint_shim
                0x10006e10        0xe CMakeFiles/CALCULATOR.dir/C_/Program_Files/Raspberry_Pi/Pico_SDK_v1.5.1/pico-sdk/src/rp2_common/pico_double/double_v1_rom_shim.S.obj
                0x10006e10                double2uint_shim
                0x10006e12                double2ufix_shim
 *fill*         0x10006e1e        0x2 
 .text.double2uint64_shim
                0x10006e20       0x70 CMakeFiles/CALCULATOR.dir/C_/Program_Files/Raspberry_Pi/Pico_SDK_v1.5.1/pico-sdk/src/rp2_common/pico_double/double_v1_rom_shim.S.obj
                0x10006e20                double2uint64_shim
                0x10006e22                double2ufix64_shim
                0x10006e42                d2fix_a
 .text.dunpacks
                0x10006e90       0x3c CMakeFiles/CALCULATOR.dir/C_/Program_Files/Raspberry_Pi/Pico_SDK_v1.5.1/pico-sdk/src/rp2_common/pico_double/double_v1_rom_shim.S.obj
                0x10006e90                dunpacks
 .text.__aeabi_lmul
                0x10006ecc       0x32 CMakeFiles/CALCULATOR.dir/C_/Program_Files/Raspberry_Pi/Pico_SDK_v1.5.1/pico-sdk/src/rp2_common/pico_int64_ops/pico_int64_ops_aeabi.S.obj
                0x10006ecc                __wrap___aeabi_lmul
 *fill*         0x10006efe        0x2 
 .text.__wrap___aeabi_farithmetic
                0x10006f00       0x48 CMakeFiles/CALCULATOR.dir/C_/Program_Files/Raspberry_Pi/Pico_SDK_v1.5.1/pico-sdk/src/rp2_common/pico_float/float_aeabi.S.obj
                0x10006f00                __wrap___aeabi_frsub
                0x10006f06                __wrap___aeabi_fsub
                0x10006f0c                __wrap___aeabi_fadd
                0x10006f12                __wrap___aeabi_fdiv
                0x10006f3a                __wrap___aeabi_fmul
 .text.__wrap___aeabi_cfcmple
                0x10006f48       0x50 CMakeFiles/CALCULATOR.dir/C_/Program_Files/Raspberry_Pi/Pico_SDK_v1.5.1/pico-sdk/src/rp2_common/pico_float/float_aeabi.S.obj
                0x10006f48                __wrap___aeabi_cfrcmple
                0x10006f54                __wrap___aeabi_cfcmple
                0x10006f54                __wrap___aeabi_cfcmpeq
 .text.__wrap___aeabi_fcmpgt
                0x10006f98        0xa CMakeFiles/CALCULATOR.dir/C_/Program_Files/Raspberry_Pi/Pico_SDK_v1.5.1/pico-sdk/src/rp2_common/pico_float/float_aeabi.S.obj
                0x10006f98                __wrap___aeabi_fcmpgt
 *fill*         0x10006fa2        0x2 
 .text.__wrap___aeabi_i2f
                0x10006fa4       0x44 CMakeFiles/CALCULATOR.dir/C_/Program_Files/Raspberry_Pi/Pico_SDK_v1.5.1/pico-sdk/src/rp2_common/pico_float/float_aeabi.S.obj
                0x10006fa4                __wrap___aeabi_i2f
 .text.__wrap___aeabi_f2iz
                0x10006fe8       0x4e CMakeFiles/CALCULATOR.dir/C_/Program_Files/Raspberry_Pi/Pico_SDK_v1.5.1/pico-sdk/src/rp2_common/pico_float/float_aeabi.S.obj
                0x10006fe8                float2int_z
                0x10006fe8                __wrap___aeabi_f2iz
 *fill*         0x10007036        0x2 
 .text.float2int
                0x10007038       0x14 CMakeFiles/CALCULATOR.dir/C_/Program_Files/Raspberry_Pi/Pico_SDK_v1.5.1/pico-sdk/src/rp2_common/pico_float/float_aeabi.S.obj
                0x10007038                float2int
 .text.__wrap___aeabi_f2uiz
                0x1000704c        0xc CMakeFiles/CALCULATOR.dir/C_/Program_Files/Raspberry_Pi/Pico_SDK_v1.5.1/pico-sdk/src/rp2_common/pico_float/float_aeabi.S.obj
                0x1000704c                __wrap___aeabi_f2uiz
 .text.__aeabi_float_init
                0x10007058       0x64 CMakeFiles/CALCULATOR.dir/C_/Program_Files/Raspberry_Pi/Pico_SDK_v1.5.1/pico-sdk/src/rp2_common/pico_float/float_init_rom.c.obj
                0x10007058                __aeabi_float_init
 .text.float_table_shim_on_use_helper
                0x100070bc       0x2c CMakeFiles/CALCULATOR.dir/C_/Program_Files/Raspberry_Pi/Pico_SDK_v1.5.1/pico-sdk/src/rp2_common/pico_float/float_v1_rom_shim.S.obj
                0x100070bc                float_table_shim_on_use_helper
 .text.float232_shims
                0x100070e8       0x18 CMakeFiles/CALCULATOR.dir/C_/Program_Files/Raspberry_Pi/Pico_SDK_v1.5.1/pico-sdk/src/rp2_common/pico_float/float_v1_rom_shim.S.obj
                0x100070e8                float2int_shim
                0x100070ea                float2fix_shim
 .text          0x10007100       0x10 CMakeFiles/CALCULATOR.dir/C_/Program_Files/Raspberry_Pi/Pico_SDK_v1.5.1/pico-sdk/src/rp2_common/pico_mem_ops/mem_ops_aeabi.S.obj
                0x10007100                __aeabi_mem_init
 .text.memcpy   0x10007110        0xc CMakeFiles/CALCULATOR.dir/C_/Program_Files/Raspberry_Pi/Pico_SDK_v1.5.1/pico-sdk/src/rp2_common/pico_mem_ops/mem_ops_aeabi.S.obj
                0x10007110                __wrap_memcpy
                0x10007110                __wrap___aeabi_memcpy
 .text.stdio_out_chars_no_crlf
                0x1000711c       0x10 CMakeFiles/CALCULATOR.dir/C_/Program_Files/Raspberry_Pi/Pico_SDK_v1.5.1/pico-sdk/src/rp2_common/pico_stdio/stdio.c.obj
 .text.stdio_out_chars_crlf
                0x1000712c       0xb4 CMakeFiles/CALCULATOR.dir/C_/Program_Files/Raspberry_Pi/Pico_SDK_v1.5.1/pico-sdk/src/rp2_common/pico_stdio/stdio.c.obj
 .text.stdio_put_string.isra.0
                0x100071e0       0xfc CMakeFiles/CALCULATOR.dir/C_/Program_Files/Raspberry_Pi/Pico_SDK_v1.5.1/pico-sdk/src/rp2_common/pico_stdio/stdio.c.obj
 .text.__wrap_putchar
                0x100072dc       0x98 CMakeFiles/CALCULATOR.dir/C_/Program_Files/Raspberry_Pi/Pico_SDK_v1.5.1/pico-sdk/src/rp2_common/pico_stdio/stdio.c.obj
                0x100072dc                __wrap_putchar
 .text.__wrap_puts
                0x10007374       0x3c CMakeFiles/CALCULATOR.dir/C_/Program_Files/Raspberry_Pi/Pico_SDK_v1.5.1/pico-sdk/src/rp2_common/pico_stdio/stdio.c.obj
                0x10007374                __wrap_puts
 .text.adc_init
                0x100073b0       0x38 CMakeFiles/CALCULATOR.dir/C_/Program_Files/Raspberry_Pi/Pico_SDK_v1.5.1/pico-sdk/src/rp2_common/hardware_adc/adc.c.obj
                0x100073b0                adc_init
 .text.pio_add_program
                0x100073e8       0xc8 CMakeFiles/CALCULATOR.dir/C_/Program_Files/Raspberry_Pi/Pico_SDK_v1.5.1/pico-sdk/src/rp2_common/hardware_pio/pio.c.obj
                0x100073e8                pio_add_program
 .text.pio_sm_set_pins_with_mask
                0x100074b0       0xa4 CMakeFiles/CALCULATOR.dir/C_/Program_Files/Raspberry_Pi/Pico_SDK_v1.5.1/pico-sdk/src/rp2_common/hardware_pio/pio.c.obj
                0x100074b0                pio_sm_set_pins_with_mask
 .text.pio_sm_set_pindirs_with_mask
                0x10007554       0xa4 CMakeFiles/CALCULATOR.dir/C_/Program_Files/Raspberry_Pi/Pico_SDK_v1.5.1/pico-sdk/src/rp2_common/hardware_pio/pio.c.obj
                0x10007554                pio_sm_set_pindirs_with_mask
 .text.pio_sm_init
                0x100075f8       0x8c CMakeFiles/CALCULATOR.dir/C_/Program_Files/Raspberry_Pi/Pico_SDK_v1.5.1/pico-sdk/src/rp2_common/hardware_pio/pio.c.obj
                0x100075f8                pio_sm_init
 .text.startup.boot_double_tap_check
                0x10007684       0x60 CMakeFiles/CALCULATOR.dir/C_/Program_Files/Raspberry_Pi/Pico_SDK_v1.5.1/pico-sdk/src/rp2_common/pico_bootsel_via_double_reset/pico_bootsel_via_double_reset.c.obj
 .text.strcat   0x100076e4       0x4c c:/progra~1/raspbe~1/picosd~1.1/gcc-ar~1/bin/../lib/gcc/arm-none-eabi/10.3.1/../../../../arm-none-eabi/lib/thumb/v6-m/nofp\libc.a(lib_a-strcat.o)
                0x100076e4                strcat
 .text.strcpy   0x10007730       0x10 c:/progra~1/raspbe~1/picosd~1.1/gcc-ar~1/bin/../lib/gcc/arm-none-eabi/10.3.1/../../../../arm-none-eabi/lib/thumb/v6-m/nofp\libc.a(lib_a-strcpy.o)
                0x10007730                strcpy
 .text.strlen   0x10007740       0x5c c:/progra~1/raspbe~1/picosd~1.1/gcc-ar~1/bin/../lib/gcc/arm-none-eabi/10.3.1/../../../../arm-none-eabi/lib/thumb/v6-m/nofp\libc.a(lib_a-strlen-stub.o)
                0x10007740                strlen
 *(.fini)
 .fini          0x1000779c        0x4 c:/progra~1/raspbe~1/picosd~1.1/gcc-ar~1/bin/../lib/gcc/arm-none-eabi/10.3.1/thumb/v6-m/nofp/crti.o
                0x1000779c                _fini
 .fini.__stub   0x100077a0       0x40 linker stubs
 *crtbegin.o(.ctors)
 *crtbegin?.o(.ctors)
 *(EXCLUDE_FILE(*crtend.o *crtend?.o) .ctors)
 *(SORT_BY_NAME(.ctors.*))
 *(.ctors)
 *crtbegin.o(.dtors)
 *crtbegin?.o(.dtors)
 *(EXCLUDE_FILE(*crtend.o *crtend?.o) .dtors)
 *(SORT_BY_NAME(.dtors.*))
 *(.dtors)
 *(.eh_frame*)
 .eh_frame      0x100077e0        0x0 c:/progra~1/raspbe~1/picosd~1.1/gcc-ar~1/bin/../lib/gcc/arm-none-eabi/10.3.1/thumb/v6-m/nofp/crtbegin.o
                0x100077e0                . = ALIGN (0x4)

.glue_7         0x100077e0        0x0
 .glue_7        0x100077e0        0x0 linker stubs

.glue_7t        0x100077e0        0x0
 .glue_7t       0x100077e0        0x0 linker stubs

.vfp11_veneer   0x100077e0        0x0
 .vfp11_veneer  0x100077e0        0x0 linker stubs

.v4_bx          0x100077e0        0x0
 .v4_bx         0x100077e0        0x0 linker stubs

.iplt           0x100077e0        0x0
 .iplt          0x100077e0        0x0 c:/progra~1/raspbe~1/picosd~1.1/gcc-ar~1/bin/../lib/gcc/arm-none-eabi/10.3.1/thumb/v6-m/nofp/crtbegin.o

.rodata         0x100077e0      0x9b0
 *(EXCLUDE_FILE(*libm.a: *libc.a:*lib_a-mem*.o *libgcc.a:) .rodata*)
 .rodata.render_text.str1.4
                0x100077e0        0x3 CMakeFiles/CALCULATOR.dir/ts_lcd.c.obj
 *fill*         0x100077e3        0x1 
 .rodata.getPoint.str1.4
                0x100077e4        0x6 CMakeFiles/CALCULATOR.dir/TouchScreen.c.obj
 *fill*         0x100077ea        0x2 
 .rodata.font   0x100077ec      0x4fb CMakeFiles/CALCULATOR.dir/TFTMaster.c.obj
 *fill*         0x10007ce7        0x1 
 .rodata.spi_cpha0_cs_program
                0x10007ce8        0x6 CMakeFiles/CALCULATOR.dir/TFTMaster.c.obj
 *fill*         0x10007cee        0x2 
 .rodata.spi_cpha0_cs_program_instructions
                0x10007cf0        0xc CMakeFiles/CALCULATOR.dir/TFTMaster.c.obj
 .rodata.button_info_fill
                0x10007cfc      0x138 CMakeFiles/CALCULATOR.dir/touchin_validation.c.obj
 .rodata.equals.str1.4
                0x10007e34        0xe CMakeFiles/CALCULATOR.dir/calculator.c.obj
 *fill*         0x10007e42        0x2 
 .rodata.clear_calc.str1.4
                0x10007e44        0x2 CMakeFiles/CALCULATOR.dir/calculator.c.obj
 *fill*         0x10007e46        0x2 
 .rodata.set_Display_Result.str1.4
                0x10007e48        0x3 CMakeFiles/CALCULATOR.dir/global.c.obj
 .rodata.clear_global_Display.str1.4
                0x10007e4b        0x2 CMakeFiles/CALCULATOR.dir/global.c.obj
 *fill*         0x10007e4b        0x1 
 .rodata.tick_calculator_fsm
                0x10007e4c       0x18 CMakeFiles/CALCULATOR.dir/calculator_fsm.c.obj
 .rodata.hardware_alarm_claim.str1.4
                0x10007e64       0x22 CMakeFiles/CALCULATOR.dir/C_/Program_Files/Raspberry_Pi/Pico_SDK_v1.5.1/pico-sdk/src/rp2_common/hardware_timer/timer.c.obj
 *fill*         0x10007e86        0x2 
 .rodata.panic.str1.4
                0x10007e88       0x12 CMakeFiles/CALCULATOR.dir/C_/Program_Files/Raspberry_Pi/Pico_SDK_v1.5.1/pico-sdk/src/rp2_common/pico_runtime/runtime.c.obj
 *fill*         0x10007e9a        0x2 
 .rodata.hard_assertion_failure.str1.4
                0x10007e9c        0xc CMakeFiles/CALCULATOR.dir/C_/Program_Files/Raspberry_Pi/Pico_SDK_v1.5.1/pico-sdk/src/rp2_common/pico_runtime/runtime.c.obj
 .rodata._ftoa.str1.4
                0x10007ea8       0x15 CMakeFiles/CALCULATOR.dir/C_/Program_Files/Raspberry_Pi/Pico_SDK_v1.5.1/pico-sdk/src/rp2_common/pico_printf/printf.c.obj
 *fill*         0x10007ebd        0x3 
 .rodata._vsnprintf
                0x10007ec0      0x1e0 CMakeFiles/CALCULATOR.dir/C_/Program_Files/Raspberry_Pi/Pico_SDK_v1.5.1/pico-sdk/src/rp2_common/pico_printf/printf.c.obj
 .rodata.pow10.0
                0x100080a0       0x50 CMakeFiles/CALCULATOR.dir/C_/Program_Files/Raspberry_Pi/Pico_SDK_v1.5.1/pico-sdk/src/rp2_common/pico_printf/printf.c.obj
 .rodata.str1.4
                0x100080f0       0x40 CMakeFiles/CALCULATOR.dir/C_/Program_Files/Raspberry_Pi/Pico_SDK_v1.5.1/pico-sdk/src/rp2_common/pico_standard_link/binary_info.c.obj
 .rodata.__bi_44
                0x10008130        0xc CMakeFiles/CALCULATOR.dir/C_/Program_Files/Raspberry_Pi/Pico_SDK_v1.5.1/pico-sdk/src/rp2_common/pico_standard_link/binary_info.c.obj
 .rodata.__bi_75
                0x1000813c        0xc CMakeFiles/CALCULATOR.dir/C_/Program_Files/Raspberry_Pi/Pico_SDK_v1.5.1/pico-sdk/src/rp2_common/pico_standard_link/binary_info.c.obj
 .rodata.__bi_81
                0x10008148        0xc CMakeFiles/CALCULATOR.dir/C_/Program_Files/Raspberry_Pi/Pico_SDK_v1.5.1/pico-sdk/src/rp2_common/pico_standard_link/binary_info.c.obj
 .rodata.crlf_str.0
                0x10008154        0x2 CMakeFiles/CALCULATOR.dir/C_/Program_Files/Raspberry_Pi/Pico_SDK_v1.5.1/pico-sdk/src/rp2_common/pico_stdio/stdio.c.obj
 *fill*         0x10008156        0x2 
 .rodata.pio_add_program.str1.4
                0x10008158       0x11 CMakeFiles/CALCULATOR.dir/C_/Program_Files/Raspberry_Pi/Pico_SDK_v1.5.1/pico-sdk/src/rp2_common/hardware_pio/pio.c.obj
 *fill*         0x10008169        0x3 
 .rodata.str1.4
                0x1000816c       0x18 CMakeFiles/CALCULATOR.dir/C_/Program_Files/Raspberry_Pi/Pico_SDK_v1.5.1/pico-sdk/src/rp2_common/pico_bootsel_via_double_reset/pico_bootsel_via_double_reset.c.obj
 .rodata.__bi_35
                0x10008184        0xc CMakeFiles/CALCULATOR.dir/C_/Program_Files/Raspberry_Pi/Pico_SDK_v1.5.1/pico-sdk/src/rp2_common/pico_bootsel_via_double_reset/pico_bootsel_via_double_reset.c.obj
                0x10008190                . = ALIGN (0x4)
 *(SORT_BY_ALIGNMENT(SORT_BY_NAME(.flashdata*)))
                0x10008190                . = ALIGN (0x4)

.ARM.extab
 *(.ARM.extab* .gnu.linkonce.armextab.*)
                0x10008190                __exidx_start = .

.ARM.exidx
 *(.ARM.exidx* .gnu.linkonce.armexidx.*)
                0x10008190                __exidx_end = .
                0x10008190                . = ALIGN (0x4)
                0x10008190                __binary_info_start = .

.binary_info    0x10008190       0x20
 *(.binary_info.keep.*)
 .binary_info.keep.__bi_ptr22
                0x10008190        0x4 CMakeFiles/CALCULATOR.dir/C_/Program_Files/Raspberry_Pi/Pico_SDK_v1.5.1/pico-sdk/src/rp2_common/pico_standard_link/binary_info.c.obj
 .binary_info.keep.__bi_ptr30
                0x10008194        0x4 CMakeFiles/CALCULATOR.dir/C_/Program_Files/Raspberry_Pi/Pico_SDK_v1.5.1/pico-sdk/src/rp2_common/pico_standard_link/binary_info.c.obj
 .binary_info.keep.__bi_ptr38
                0x10008198        0x4 CMakeFiles/CALCULATOR.dir/C_/Program_Files/Raspberry_Pi/Pico_SDK_v1.5.1/pico-sdk/src/rp2_common/pico_standard_link/binary_info.c.obj
 .binary_info.keep.__bi_ptr44
                0x1000819c        0x4 CMakeFiles/CALCULATOR.dir/C_/Program_Files/Raspberry_Pi/Pico_SDK_v1.5.1/pico-sdk/src/rp2_common/pico_standard_link/binary_info.c.obj
 .binary_info.keep.__bi_ptr50
                0x100081a0        0x4 CMakeFiles/CALCULATOR.dir/C_/Program_Files/Raspberry_Pi/Pico_SDK_v1.5.1/pico-sdk/src/rp2_common/pico_standard_link/binary_info.c.obj
 .binary_info.keep.__bi_ptr75
                0x100081a4        0x4 CMakeFiles/CALCULATOR.dir/C_/Program_Files/Raspberry_Pi/Pico_SDK_v1.5.1/pico-sdk/src/rp2_common/pico_standard_link/binary_info.c.obj
 .binary_info.keep.__bi_ptr81
                0x100081a8        0x4 CMakeFiles/CALCULATOR.dir/C_/Program_Files/Raspberry_Pi/Pico_SDK_v1.5.1/pico-sdk/src/rp2_common/pico_standard_link/binary_info.c.obj
 .binary_info.keep.__bi_ptr35
                0x100081ac        0x4 CMakeFiles/CALCULATOR.dir/C_/Program_Files/Raspberry_Pi/Pico_SDK_v1.5.1/pico-sdk/src/rp2_common/pico_bootsel_via_double_reset/pico_bootsel_via_double_reset.c.obj
 *(.binary_info.*)
                0x100081b0                __binary_info_end = .

.rel.dyn        0x100081b0        0x0
 .rel.iplt      0x100081b0        0x0 c:/progra~1/raspbe~1/picosd~1.1/gcc-ar~1/bin/../lib/gcc/arm-none-eabi/10.3.1/thumb/v6-m/nofp/crtbegin.o
                0x100081b0                . = ALIGN (0x4)

.ram_vector_table
                0x20000000       0xc0
 *(.ram_vector_table)
 .ram_vector_table
                0x20000000       0xc0 CMakeFiles/CALCULATOR.dir/C_/Program_Files/Raspberry_Pi/Pico_SDK_v1.5.1/pico-sdk/src/rp2_common/pico_runtime/runtime.c.obj
                0x20000000                ram_vector_table

.data           0x200000c0      0x1a0 load address 0x100081b0
                0x200000c0                __data_start__ = .
 *(vtable)
 *(.time_critical*)
 .time_critical.mutex_try_enter_block_until
                0x200000c0       0x9c CMakeFiles/CALCULATOR.dir/C_/Program_Files/Raspberry_Pi/Pico_SDK_v1.5.1/pico-sdk/src/common/pico_sync/mutex.c.obj
                0x200000c0                mutex_try_enter_block_until
 .time_critical.mutex_exit
                0x2000015c       0x28 CMakeFiles/CALCULATOR.dir/C_/Program_Files/Raspberry_Pi/Pico_SDK_v1.5.1/pico-sdk/src/common/pico_sync/mutex.c.obj
                0x2000015c                mutex_exit
 *(.text*)
 .text          0x20000184        0x4 c:/progra~1/raspbe~1/picosd~1.1/gcc-ar~1/bin/../lib/gcc/arm-none-eabi/10.3.1/thumb/v6-m/nofp\libgcc.a(_dvmd_tls.o)
                0x20000184                __aeabi_idiv0
                0x20000184                __aeabi_ldiv0
 .text.__stub   0x20000188       0x10 linker stubs
                0x20000198                . = ALIGN (0x4)
 *(.rodata*)
                0x20000198                . = ALIGN (0x4)
 *(.data*)
 .data.flag     0x20000198        0x1 CMakeFiles/CALCULATOR.dir/TFTMaster.c.obj
                0x20000198                flag
 *fill*         0x20000199        0x3 
 .data.spi      0x2000019c        0xc CMakeFiles/CALCULATOR.dir/TFTMaster.c.obj
                0x2000019c                spi
 .data.striped_spin_lock_num
                0x200001a8        0x1 CMakeFiles/CALCULATOR.dir/C_/Program_Files/Raspberry_Pi/Pico_SDK_v1.5.1/pico-sdk/src/rp2_common/hardware_sync/sync.c.obj
 *fill*         0x200001a9        0x3 
 .data          0x200001ac       0x48 CMakeFiles/CALCULATOR.dir/C_/Program_Files/Raspberry_Pi/Pico_SDK_v1.5.1/pico-sdk/src/rp2_common/hardware_irq/irq_handler_chain.S.obj
                0x200001ac                irq_handler_chain_slots
                0x200001dc                irq_handler_chain_first_slot
                0x200001e6                irq_handler_chain_remove_tail
 .data.default_alarm_pool
                0x200001f4       0x18 CMakeFiles/CALCULATOR.dir/C_/Program_Files/Raspberry_Pi/Pico_SDK_v1.5.1/pico-sdk/src/common/pico_time/time.c.obj
 .data.default_alarm_pool_heap
                0x2000020c       0x10 CMakeFiles/CALCULATOR.dir/C_/Program_Files/Raspberry_Pi/Pico_SDK_v1.5.1/pico-sdk/src/common/pico_time/time.c.obj
 *fill*         0x2000021c        0x4 
 .data.aeabi_bits_funcs
                0x20000220       0x10 CMakeFiles/CALCULATOR.dir/C_/Program_Files/Raspberry_Pi/Pico_SDK_v1.5.1/pico-sdk/src/rp2_common/pico_bit_ops/bit_ops_aeabi.S.obj
                0x20000220                aeabi_bits_funcs
                0x20000230                aeabi_bits_funcs_end
 .data.aeabi_mem_funcs
                0x20000230       0x10 CMakeFiles/CALCULATOR.dir/C_/Program_Files/Raspberry_Pi/Pico_SDK_v1.5.1/pico-sdk/src/rp2_common/pico_mem_ops/mem_ops_aeabi.S.obj
                0x20000230                aeabi_mem_funcs
                0x20000240                aeabi_mem_funcs_end
                0x20000240                . = ALIGN (0x4)
 *(.after_data.*)
                0x20000240                . = ALIGN (0x4)
                0x20000240                PROVIDE (__mutex_array_start = .)
 *(SORT_BY_NAME(.mutex_array.*))
 *(.mutex_array)
 .mutex_array   0x20000240        0x8 CMakeFiles/CALCULATOR.dir/C_/Program_Files/Raspberry_Pi/Pico_SDK_v1.5.1/pico-sdk/src/rp2_common/pico_stdio/stdio.c.obj
                0x20000248                PROVIDE (__mutex_array_end = .)
                0x20000248                . = ALIGN (0x4)
                0x20000248                PROVIDE (__preinit_array_start = .)
 *(SORT_BY_NAME(.preinit_array.*))
 .preinit_array.00001
                0x20000248        0x4 CMakeFiles/CALCULATOR.dir/C_/Program_Files/Raspberry_Pi/Pico_SDK_v1.5.1/pico-sdk/src/rp2_common/pico_mem_ops/mem_ops_aeabi.S.obj
 .preinit_array.00010
                0x2000024c        0x4 CMakeFiles/CALCULATOR.dir/C_/Program_Files/Raspberry_Pi/Pico_SDK_v1.5.1/pico-sdk/src/rp2_common/pico_bit_ops/bit_ops_aeabi.S.obj
 .preinit_array.00020
                0x20000250        0x4 CMakeFiles/CALCULATOR.dir/C_/Program_Files/Raspberry_Pi/Pico_SDK_v1.5.1/pico-sdk/src/rp2_common/pico_double/double_aeabi.S.obj
 .preinit_array.00020
                0x20000254        0x4 CMakeFiles/CALCULATOR.dir/C_/Program_Files/Raspberry_Pi/Pico_SDK_v1.5.1/pico-sdk/src/rp2_common/pico_float/float_aeabi.S.obj
 *(.preinit_array)
                0x20000258                PROVIDE (__preinit_array_end = .)
                0x20000258                . = ALIGN (0x4)
                0x20000258                PROVIDE (__init_array_start = .)
 *(SORT_BY_NAME(.init_array.*))
 *(.init_array)
 .init_array    0x20000258        0x4 c:/progra~1/raspbe~1/picosd~1.1/gcc-ar~1/bin/../lib/gcc/arm-none-eabi/10.3.1/thumb/v6-m/nofp/crtbegin.o
 .init_array    0x2000025c        0x4 CMakeFiles/CALCULATOR.dir/C_/Program_Files/Raspberry_Pi/Pico_SDK_v1.5.1/pico-sdk/src/rp2_common/pico_bootsel_via_double_reset/pico_bootsel_via_double_reset.c.obj
                0x20000260                PROVIDE (__init_array_end = .)
                0x20000260                . = ALIGN (0x4)
                [!provide]                PROVIDE (__fini_array_start = .)
 *(SORT_BY_NAME(.fini_array.*))
 *(.fini_array)
                [!provide]                PROVIDE (__fini_array_end = .)
 *(.jcr)
                0x20000260                . = ALIGN (0x4)
                0x20000260                __data_end__ = .
                0x100081b0                __etext = LOADADDR (.data)

.igot.plt       0x20000260        0x0 load address 0x10008350
 .igot.plt      0x20000260        0x0 c:/progra~1/raspbe~1/picosd~1.1/gcc-ar~1/bin/../lib/gcc/arm-none-eabi/10.3.1/thumb/v6-m/nofp/crtbegin.o

.uninitialized_data
                0x20000260        0xc load address 0x10008350
                0x20000260                . = ALIGN (0x4)
 *(.uninitialized_data*)
 .uninitialized_data.magic_location
                0x20000260        0xc CMakeFiles/CALCULATOR.dir/C_/Program_Files/Raspberry_Pi/Pico_SDK_v1.5.1/pico-sdk/src/rp2_common/pico_bootsel_via_double_reset/pico_bootsel_via_double_reset.c.obj

.scratch_x      0x20040000        0x0 load address 0x10008350
                0x20040000                __scratch_x_start__ = .
 *(.scratch_x.*)
                0x20040000                . = ALIGN (0x4)
                0x20040000                __scratch_x_end__ = .
                0x10008350                __scratch_x_source__ = LOADADDR (.scratch_x)

.scratch_y      0x20041000        0x0 load address 0x10008350
                0x20041000                __scratch_y_start__ = .
 *(.scratch_y.*)
                0x20041000                . = ALIGN (0x4)
                0x20041000                __scratch_y_end__ = .
                0x10008350                __scratch_y_source__ = LOADADDR (.scratch_y)

.bss            0x20000270      0x62c
                0x20000270                . = ALIGN (0x4)
                0x20000270                __bss_start__ = .
 *(SORT_BY_ALIGNMENT(SORT_BY_NAME(.bss*)))
 .bss.default_alarm_pool_entries
                0x20000270      0x100 CMakeFiles/CALCULATOR.dir/C_/Program_Files/Raspberry_Pi/Pico_SDK_v1.5.1/pico-sdk/src/common/pico_time/time.c.obj
 .bss.sd_table  0x20000370      0x100 CMakeFiles/CALCULATOR.dir/C_/Program_Files/Raspberry_Pi/Pico_SDK_v1.5.1/pico-sdk/src/rp2_common/pico_double/double_init_rom.c.obj
                0x20000370                sd_table
 .bss.sf_table  0x20000470      0x100 CMakeFiles/CALCULATOR.dir/C_/Program_Files/Raspberry_Pi/Pico_SDK_v1.5.1/pico-sdk/src/rp2_common/pico_float/float_init_rom.c.obj
                0x20000470                sf_table
 .bss           0x20000570       0x1c c:/progra~1/raspbe~1/picosd~1.1/gcc-ar~1/bin/../lib/gcc/arm-none-eabi/10.3.1/thumb/v6-m/nofp/crtbegin.o
 .bss._global_display
                0x2000058c       0x32 CMakeFiles/CALCULATOR.dir/main.c.obj
                0x2000058c                _global_display
 *fill*         0x200005be        0x2 
 .bss._global_opperand1
                0x200005c0        0x4 CMakeFiles/CALCULATOR.dir/main.c.obj
                0x200005c0                _global_opperand1
 .bss._global_opperand2
                0x200005c4        0x4 CMakeFiles/CALCULATOR.dir/main.c.obj
                0x200005c4                _global_opperand2
 .bss._used_instruction_space
                0x200005c8        0x8 CMakeFiles/CALCULATOR.dir/C_/Program_Files/Raspberry_Pi/Pico_SDK_v1.5.1/pico-sdk/src/rp2_common/hardware_pio/pio.c.obj
 .bss.alarm_callbacks
                0x200005d0       0x10 CMakeFiles/CALCULATOR.dir/C_/Program_Files/Raspberry_Pi/Pico_SDK_v1.5.1/pico-sdk/src/rp2_common/hardware_timer/timer.c.obj
 .bss.btnCnt    0x200005e0        0x4 CMakeFiles/CALCULATOR.dir/main.c.obj
                0x200005e0                btnCnt
 .bss.buttons   0x200005e4      0x1c0 CMakeFiles/CALCULATOR.dir/main.c.obj
                0x200005e4                buttons
 .bss.calc      0x200007a4       0x2c CMakeFiles/CALCULATOR.dir/calculator_fsm.c.obj
                0x200007a4                calc
 .bss.configured_freq
                0x200007d0       0x28 CMakeFiles/CALCULATOR.dir/C_/Program_Files/Raspberry_Pi/Pico_SDK_v1.5.1/pico-sdk/src/rp2_common/hardware_clocks/clocks.c.obj
 .bss.current_time
                0x200007f8        0x4 CMakeFiles/CALCULATOR.dir/main.c.obj
                0x200007f8                current_time
 .bss.default_alarm_pool_entry_ids_high
                0x200007fc       0x10 CMakeFiles/CALCULATOR.dir/C_/Program_Files/Raspberry_Pi/Pico_SDK_v1.5.1/pico-sdk/src/common/pico_time/time.c.obj
 .bss.default_alarm_pool_heap_nodes
                0x2000080c       0x30 CMakeFiles/CALCULATOR.dir/C_/Program_Files/Raspberry_Pi/Pico_SDK_v1.5.1/pico-sdk/src/common/pico_time/time.c.obj
 .bss.drivers   0x2000083c        0x4 CMakeFiles/CALCULATOR.dir/C_/Program_Files/Raspberry_Pi/Pico_SDK_v1.5.1/pico-sdk/src/rp2_common/pico_stdio/stdio.c.obj
 .bss.filter    0x20000840        0x4 CMakeFiles/CALCULATOR.dir/C_/Program_Files/Raspberry_Pi/Pico_SDK_v1.5.1/pico-sdk/src/rp2_common/pico_stdio/stdio.c.obj
 .bss.lazy_vsnprintf
                0x20000844        0x4 CMakeFiles/CALCULATOR.dir/C_/Program_Files/Raspberry_Pi/Pico_SDK_v1.5.1/pico-sdk/src/rp2_common/pico_printf/printf.c.obj
 .bss.offset    0x20000848        0x4 CMakeFiles/CALCULATOR.dir/TFTMaster.c.obj
                0x20000848                offset
 .bss.p         0x2000084c        0x6 CMakeFiles/CALCULATOR.dir/ts_lcd.c.obj
                0x2000084c                p
 *fill*         0x20000852        0x2 
 .bss.pools     0x20000854       0x10 CMakeFiles/CALCULATOR.dir/C_/Program_Files/Raspberry_Pi/Pico_SDK_v1.5.1/pico-sdk/src/common/pico_time/time.c.obj
 .bss.sf_clz_func
                0x20000864        0x4 CMakeFiles/CALCULATOR.dir/C_/Program_Files/Raspberry_Pi/Pico_SDK_v1.5.1/pico-sdk/src/rp2_common/pico_double/double_init_rom.c.obj
                0x20000864                sf_clz_func
 .bss.sleep_notifier
                0x20000868        0x4 CMakeFiles/CALCULATOR.dir/C_/Program_Files/Raspberry_Pi/Pico_SDK_v1.5.1/pico-sdk/src/common/pico_time/time.c.obj
 .bss.target_hi
                0x2000086c       0x10 CMakeFiles/CALCULATOR.dir/C_/Program_Files/Raspberry_Pi/Pico_SDK_v1.5.1/pico-sdk/src/rp2_common/hardware_timer/timer.c.obj
 .bss._height   0x2000087c        0x2 CMakeFiles/CALCULATOR.dir/TFTMaster.c.obj
                0x2000087c                _height
 .bss._width    0x2000087e        0x2 CMakeFiles/CALCULATOR.dir/TFTMaster.c.obj
                0x2000087e                _width
 .bss.cursor_x  0x20000880        0x2 CMakeFiles/CALCULATOR.dir/TFTMaster.c.obj
                0x20000880                cursor_x
 .bss.cursor_y  0x20000882        0x2 CMakeFiles/CALCULATOR.dir/TFTMaster.c.obj
                0x20000882                cursor_y
 .bss.textbgcolor
                0x20000884        0x2 CMakeFiles/CALCULATOR.dir/TFTMaster.c.obj
                0x20000884                textbgcolor
 .bss.textcolor
                0x20000886        0x2 CMakeFiles/CALCULATOR.dir/TFTMaster.c.obj
                0x20000886                textcolor
 .bss.textsize  0x20000888        0x2 CMakeFiles/CALCULATOR.dir/TFTMaster.c.obj
                0x20000888                textsize
 .bss.wrap      0x2000088a        0x2 CMakeFiles/CALCULATOR.dir/TFTMaster.c.obj
                0x2000088a                wrap
 .bss._global_operator
                0x2000088c        0x1 CMakeFiles/CALCULATOR.dir/main.c.obj
                0x2000088c                _global_operator
 .bss.claimed   0x2000088d        0x1 CMakeFiles/CALCULATOR.dir/C_/Program_Files/Raspberry_Pi/Pico_SDK_v1.5.1/pico-sdk/src/rp2_common/hardware_timer/timer.c.obj
 .bss.clear_pressed
                0x2000088e        0x1 CMakeFiles/CALCULATOR.dir/main.c.obj
                0x2000088e                clear_pressed
 .bss.equal_pressed
                0x2000088f        0x1 CMakeFiles/CALCULATOR.dir/main.c.obj
                0x2000088f                equal_pressed
 .bss.input_operand1_complete
                0x20000890        0x1 CMakeFiles/CALCULATOR.dir/calculator_fsm.c.obj
                0x20000890                input_operand1_complete
 .bss.irq_hander_chain_free_slot_head
                0x20000891        0x1 CMakeFiles/CALCULATOR.dir/C_/Program_Files/Raspberry_Pi/Pico_SDK_v1.5.1/pico-sdk/src/rp2_common/hardware_irq/irq.c.obj
 .bss.negative_operand
                0x20000892        0x1 CMakeFiles/CALCULATOR.dir/calculator_fsm.c.obj
 .bss.operand_pressed
                0x20000893        0x1 CMakeFiles/CALCULATOR.dir/main.c.obj
                0x20000893                operand_pressed
 .bss.operator_first_press_before_operand
                0x20000894        0x1 CMakeFiles/CALCULATOR.dir/calculator_fsm.c.obj
 .bss.operator_pressed
                0x20000895        0x1 CMakeFiles/CALCULATOR.dir/main.c.obj
                0x20000895                operator_pressed
 .bss.second_operator_pressed_after_operand2
                0x20000896        0x1 CMakeFiles/CALCULATOR.dir/calculator_fsm.c.obj
 .bss.state     0x20000897        0x1 CMakeFiles/CALCULATOR.dir/calculator_fsm.c.obj
 .bss.timer_callbacks_pending
                0x20000898        0x1 CMakeFiles/CALCULATOR.dir/C_/Program_Files/Raspberry_Pi/Pico_SDK_v1.5.1/pico-sdk/src/rp2_common/hardware_timer/timer.c.obj
 *(COMMON)
                0x2000089c                . = ALIGN (0x4)
 *fill*         0x20000899        0x3 
                0x2000089c                __bss_end__ = .

.heap           0x2000089c      0x800
                0x2000089c                __end__ = .
                0x2000089c                end = __end__
 *(.heap*)
 .heap          0x2000089c      0x800 CMakeFiles/CALCULATOR.dir/C_/Program_Files/Raspberry_Pi/Pico_SDK_v1.5.1/pico-sdk/src/rp2_common/pico_standard_link/crt0.S.obj
                0x2000109c                __HeapLimit = .

.stack1_dummy   0x20040000        0x0
 *(.stack1*)

.stack_dummy    0x20041000      0x800
 *(.stack*)
 .stack         0x20041000      0x800 CMakeFiles/CALCULATOR.dir/C_/Program_Files/Raspberry_Pi/Pico_SDK_v1.5.1/pico-sdk/src/rp2_common/pico_standard_link/crt0.S.obj

.flash_end      0x10008350        0x0
                0x10008350                PROVIDE (__flash_binary_end = .)
                0x20040000                __StackLimit = (ORIGIN (RAM) + LENGTH (RAM))
                0x20041000                __StackOneTop = (ORIGIN (SCRATCH_X) + LENGTH (SCRATCH_X))
                0x20042000                __StackTop = (ORIGIN (SCRATCH_Y) + LENGTH (SCRATCH_Y))
                0x20041000                __StackOneBottom = (__StackOneTop - SIZEOF (.stack1_dummy))
                0x20041800                __StackBottom = (__StackTop - SIZEOF (.stack_dummy))
                0x20042000                PROVIDE (__stack = __StackTop)
                0x00000001                ASSERT ((__StackLimit >= __HeapLimit), region RAM overflowed)
                0x00000001                ASSERT (((__binary_info_header_end - __logical_binary_start) <= 0x100), Binary info must be in first 256 bytes of the binary)
LOAD CMakeFiles/CALCULATOR.dir/main.c.obj
LOAD CMakeFiles/CALCULATOR.dir/ts_lcd.c.obj
LOAD CMakeFiles/CALCULATOR.dir/TouchScreen.c.obj
LOAD CMakeFiles/CALCULATOR.dir/TFTMaster.c.obj
LOAD CMakeFiles/CALCULATOR.dir/glcdfont.c.obj
LOAD CMakeFiles/CALCULATOR.dir/button.c.obj
LOAD CMakeFiles/CALCULATOR.dir/timer.c.obj
LOAD CMakeFiles/CALCULATOR.dir/display.c.obj
LOAD CMakeFiles/CALCULATOR.dir/touchin_validation.c.obj
LOAD CMakeFiles/CALCULATOR.dir/calculator.c.obj
LOAD CMakeFiles/CALCULATOR.dir/global.c.obj
LOAD CMakeFiles/CALCULATOR.dir/calculator_fsm.c.obj
LOAD CMakeFiles/CALCULATOR.dir/C_/Program_Files/Raspberry_Pi/Pico_SDK_v1.5.1/pico-sdk/src/rp2_common/pico_stdlib/stdlib.c.obj
LOAD CMakeFiles/CALCULATOR.dir/C_/Program_Files/Raspberry_Pi/Pico_SDK_v1.5.1/pico-sdk/src/rp2_common/hardware_gpio/gpio.c.obj
LOAD CMakeFiles/CALCULATOR.dir/C_/Program_Files/Raspberry_Pi/Pico_SDK_v1.5.1/pico-sdk/src/rp2_common/pico_platform/platform.c.obj
LOAD CMakeFiles/CALCULATOR.dir/C_/Program_Files/Raspberry_Pi/Pico_SDK_v1.5.1/pico-sdk/src/rp2_common/hardware_claim/claim.c.obj
LOAD CMakeFiles/CALCULATOR.dir/C_/Program_Files/Raspberry_Pi/Pico_SDK_v1.5.1/pico-sdk/src/rp2_common/hardware_sync/sync.c.obj
LOAD CMakeFiles/CALCULATOR.dir/C_/Program_Files/Raspberry_Pi/Pico_SDK_v1.5.1/pico-sdk/src/rp2_common/hardware_irq/irq.c.obj
LOAD CMakeFiles/CALCULATOR.dir/C_/Program_Files/Raspberry_Pi/Pico_SDK_v1.5.1/pico-sdk/src/rp2_common/hardware_irq/irq_handler_chain.S.obj
LOAD CMakeFiles/CALCULATOR.dir/C_/Program_Files/Raspberry_Pi/Pico_SDK_v1.5.1/pico-sdk/src/common/pico_sync/sem.c.obj
LOAD CMakeFiles/CALCULATOR.dir/C_/Program_Files/Raspberry_Pi/Pico_SDK_v1.5.1/pico-sdk/src/common/pico_sync/lock_core.c.obj
LOAD CMakeFiles/CALCULATOR.dir/C_/Program_Files/Raspberry_Pi/Pico_SDK_v1.5.1/pico-sdk/src/common/pico_sync/mutex.c.obj
LOAD CMakeFiles/CALCULATOR.dir/C_/Program_Files/Raspberry_Pi/Pico_SDK_v1.5.1/pico-sdk/src/common/pico_sync/critical_section.c.obj
LOAD CMakeFiles/CALCULATOR.dir/C_/Program_Files/Raspberry_Pi/Pico_SDK_v1.5.1/pico-sdk/src/common/pico_time/time.c.obj
LOAD CMakeFiles/CALCULATOR.dir/C_/Program_Files/Raspberry_Pi/Pico_SDK_v1.5.1/pico-sdk/src/common/pico_time/timeout_helper.c.obj
LOAD CMakeFiles/CALCULATOR.dir/C_/Program_Files/Raspberry_Pi/Pico_SDK_v1.5.1/pico-sdk/src/rp2_common/hardware_timer/timer.c.obj
LOAD CMakeFiles/CALCULATOR.dir/C_/Program_Files/Raspberry_Pi/Pico_SDK_v1.5.1/pico-sdk/src/common/pico_util/datetime.c.obj
LOAD CMakeFiles/CALCULATOR.dir/C_/Program_Files/Raspberry_Pi/Pico_SDK_v1.5.1/pico-sdk/src/common/pico_util/pheap.c.obj
LOAD CMakeFiles/CALCULATOR.dir/C_/Program_Files/Raspberry_Pi/Pico_SDK_v1.5.1/pico-sdk/src/common/pico_util/queue.c.obj
LOAD CMakeFiles/CALCULATOR.dir/C_/Program_Files/Raspberry_Pi/Pico_SDK_v1.5.1/pico-sdk/src/rp2_common/hardware_uart/uart.c.obj
LOAD CMakeFiles/CALCULATOR.dir/C_/Program_Files/Raspberry_Pi/Pico_SDK_v1.5.1/pico-sdk/src/rp2_common/hardware_clocks/clocks.c.obj
LOAD CMakeFiles/CALCULATOR.dir/C_/Program_Files/Raspberry_Pi/Pico_SDK_v1.5.1/pico-sdk/src/rp2_common/hardware_pll/pll.c.obj
LOAD CMakeFiles/CALCULATOR.dir/C_/Program_Files/Raspberry_Pi/Pico_SDK_v1.5.1/pico-sdk/src/rp2_common/hardware_vreg/vreg.c.obj
LOAD CMakeFiles/CALCULATOR.dir/C_/Program_Files/Raspberry_Pi/Pico_SDK_v1.5.1/pico-sdk/src/rp2_common/hardware_watchdog/watchdog.c.obj
LOAD CMakeFiles/CALCULATOR.dir/C_/Program_Files/Raspberry_Pi/Pico_SDK_v1.5.1/pico-sdk/src/rp2_common/hardware_xosc/xosc.c.obj
LOAD CMakeFiles/CALCULATOR.dir/C_/Program_Files/Raspberry_Pi/Pico_SDK_v1.5.1/pico-sdk/src/rp2_common/hardware_divider/divider.S.obj
LOAD CMakeFiles/CALCULATOR.dir/C_/Program_Files/Raspberry_Pi/Pico_SDK_v1.5.1/pico-sdk/src/rp2_common/pico_runtime/runtime.c.obj
LOAD CMakeFiles/CALCULATOR.dir/C_/Program_Files/Raspberry_Pi/Pico_SDK_v1.5.1/pico-sdk/src/rp2_common/pico_printf/printf.c.obj
LOAD CMakeFiles/CALCULATOR.dir/C_/Program_Files/Raspberry_Pi/Pico_SDK_v1.5.1/pico-sdk/src/rp2_common/pico_bit_ops/bit_ops_aeabi.S.obj
LOAD CMakeFiles/CALCULATOR.dir/C_/Program_Files/Raspberry_Pi/Pico_SDK_v1.5.1/pico-sdk/src/rp2_common/pico_bootrom/bootrom.c.obj
LOAD CMakeFiles/CALCULATOR.dir/C_/Program_Files/Raspberry_Pi/Pico_SDK_v1.5.1/pico-sdk/src/rp2_common/pico_divider/divider.S.obj
LOAD CMakeFiles/CALCULATOR.dir/C_/Program_Files/Raspberry_Pi/Pico_SDK_v1.5.1/pico-sdk/src/rp2_common/pico_double/double_aeabi.S.obj
LOAD CMakeFiles/CALCULATOR.dir/C_/Program_Files/Raspberry_Pi/Pico_SDK_v1.5.1/pico-sdk/src/rp2_common/pico_double/double_init_rom.c.obj
LOAD CMakeFiles/CALCULATOR.dir/C_/Program_Files/Raspberry_Pi/Pico_SDK_v1.5.1/pico-sdk/src/rp2_common/pico_double/double_math.c.obj
LOAD CMakeFiles/CALCULATOR.dir/C_/Program_Files/Raspberry_Pi/Pico_SDK_v1.5.1/pico-sdk/src/rp2_common/pico_double/double_v1_rom_shim.S.obj
LOAD CMakeFiles/CALCULATOR.dir/C_/Program_Files/Raspberry_Pi/Pico_SDK_v1.5.1/pico-sdk/src/rp2_common/pico_int64_ops/pico_int64_ops_aeabi.S.obj
LOAD CMakeFiles/CALCULATOR.dir/C_/Program_Files/Raspberry_Pi/Pico_SDK_v1.5.1/pico-sdk/src/rp2_common/pico_float/float_aeabi.S.obj
LOAD CMakeFiles/CALCULATOR.dir/C_/Program_Files/Raspberry_Pi/Pico_SDK_v1.5.1/pico-sdk/src/rp2_common/pico_float/float_init_rom.c.obj
LOAD CMakeFiles/CALCULATOR.dir/C_/Program_Files/Raspberry_Pi/Pico_SDK_v1.5.1/pico-sdk/src/rp2_common/pico_float/float_math.c.obj
LOAD CMakeFiles/CALCULATOR.dir/C_/Program_Files/Raspberry_Pi/Pico_SDK_v1.5.1/pico-sdk/src/rp2_common/pico_float/float_v1_rom_shim.S.obj
LOAD CMakeFiles/CALCULATOR.dir/C_/Program_Files/Raspberry_Pi/Pico_SDK_v1.5.1/pico-sdk/src/rp2_common/pico_malloc/pico_malloc.c.obj
LOAD CMakeFiles/CALCULATOR.dir/C_/Program_Files/Raspberry_Pi/Pico_SDK_v1.5.1/pico-sdk/src/rp2_common/pico_mem_ops/mem_ops_aeabi.S.obj
LOAD CMakeFiles/CALCULATOR.dir/C_/Program_Files/Raspberry_Pi/Pico_SDK_v1.5.1/pico-sdk/src/rp2_common/pico_standard_link/crt0.S.obj
LOAD CMakeFiles/CALCULATOR.dir/C_/Program_Files/Raspberry_Pi/Pico_SDK_v1.5.1/pico-sdk/src/rp2_common/pico_standard_link/new_delete.cpp.obj
LOAD CMakeFiles/CALCULATOR.dir/C_/Program_Files/Raspberry_Pi/Pico_SDK_v1.5.1/pico-sdk/src/rp2_common/pico_standard_link/binary_info.c.obj
LOAD CMakeFiles/CALCULATOR.dir/C_/Program_Files/Raspberry_Pi/Pico_SDK_v1.5.1/pico-sdk/src/rp2_common/pico_stdio/stdio.c.obj
LOAD CMakeFiles/CALCULATOR.dir/C_/Program_Files/Raspberry_Pi/Pico_SDK_v1.5.1/pico-sdk/src/rp2_common/pico_stdio_uart/stdio_uart.c.obj
LOAD CMakeFiles/CALCULATOR.dir/C_/Program_Files/Raspberry_Pi/Pico_SDK_v1.5.1/pico-sdk/src/rp2_common/hardware_adc/adc.c.obj
LOAD CMakeFiles/CALCULATOR.dir/C_/Program_Files/Raspberry_Pi/Pico_SDK_v1.5.1/pico-sdk/src/rp2_common/hardware_pio/pio.c.obj
LOAD CMakeFiles/CALCULATOR.dir/C_/Program_Files/Raspberry_Pi/Pico_SDK_v1.5.1/pico-sdk/src/rp2_common/pico_bootsel_via_double_reset/pico_bootsel_via_double_reset.c.obj
LOAD C:\Users\otienom\AppData\Local\Temp\ccelLkEK.o
LOAD c:/progra~1/raspbe~1/picosd~1.1/gcc-ar~1/bin/../lib/gcc/arm-none-eabi/10.3.1/../../../../arm-none-eabi/lib/thumb/v6-m/nofp\libstdc++.a
LOAD c:/progra~1/raspbe~1/picosd~1.1/gcc-ar~1/bin/../lib/gcc/arm-none-eabi/10.3.1/../../../../arm-none-eabi/lib/thumb/v6-m/nofp\libm.a
START GROUP
LOAD c:/progra~1/raspbe~1/picosd~1.1/gcc-ar~1/bin/../lib/gcc/arm-none-eabi/10.3.1/thumb/v6-m/nofp\libgcc.a
LOAD c:/progra~1/raspbe~1/picosd~1.1/gcc-ar~1/bin/../lib/gcc/arm-none-eabi/10.3.1/../../../../arm-none-eabi/lib/thumb/v6-m/nofp\libc.a
END GROUP
START GROUP
LOAD c:/progra~1/raspbe~1/picosd~1.1/gcc-ar~1/bin/../lib/gcc/arm-none-eabi/10.3.1/thumb/v6-m/nofp\libgcc.a
LOAD c:/progra~1/raspbe~1/picosd~1.1/gcc-ar~1/bin/../lib/gcc/arm-none-eabi/10.3.1/../../../../arm-none-eabi/lib/thumb/v6-m/nofp\libc.a
LOAD c:/progra~1/raspbe~1/picosd~1.1/gcc-ar~1/bin/../lib/gcc/arm-none-eabi/10.3.1/../../../../arm-none-eabi/lib/thumb/v6-m/nofp\libnosys.a
END GROUP
LOAD c:/progra~1/raspbe~1/picosd~1.1/gcc-ar~1/bin/../lib/gcc/arm-none-eabi/10.3.1/thumb/v6-m/nofp/crtend.o
LOAD c:/progra~1/raspbe~1/picosd~1.1/gcc-ar~1/bin/../lib/gcc/arm-none-eabi/10.3.1/thumb/v6-m/nofp/crtn.o
OUTPUT(CALCULATOR.elf elf32-littlearm)
LOAD linker stubs

.ARM.attributes
                0x00000000       0x28
 .ARM.attributes
                0x00000000       0x1e c:/progra~1/raspbe~1/picosd~1.1/gcc-ar~1/bin/../lib/gcc/arm-none-eabi/10.3.1/thumb/v6-m/nofp/crti.o
 .ARM.attributes
                0x0000001e       0x2c c:/progra~1/raspbe~1/picosd~1.1/gcc-ar~1/bin/../lib/gcc/arm-none-eabi/10.3.1/thumb/v6-m/nofp/crtbegin.o
 .ARM.attributes
                0x0000004a       0x2c CMakeFiles/CALCULATOR.dir/main.c.obj
 .ARM.attributes
                0x00000076       0x2c CMakeFiles/CALCULATOR.dir/ts_lcd.c.obj
 .ARM.attributes
                0x000000a2       0x2c CMakeFiles/CALCULATOR.dir/TouchScreen.c.obj
 .ARM.attributes
                0x000000ce       0x2c CMakeFiles/CALCULATOR.dir/TFTMaster.c.obj
 .ARM.attributes
                0x000000fa       0x2c CMakeFiles/CALCULATOR.dir/button.c.obj
 .ARM.attributes
                0x00000126       0x2c CMakeFiles/CALCULATOR.dir/timer.c.obj
 .ARM.attributes
                0x00000152       0x2c CMakeFiles/CALCULATOR.dir/display.c.obj
 .ARM.attributes
                0x0000017e       0x2c CMakeFiles/CALCULATOR.dir/touchin_validation.c.obj
 .ARM.attributes
                0x000001aa       0x2c CMakeFiles/CALCULATOR.dir/calculator.c.obj
 .ARM.attributes
                0x000001d6       0x2c CMakeFiles/CALCULATOR.dir/global.c.obj
 .ARM.attributes
                0x00000202       0x2c CMakeFiles/CALCULATOR.dir/calculator_fsm.c.obj
 .ARM.attributes
                0x0000022e       0x2c CMakeFiles/CALCULATOR.dir/C_/Program_Files/Raspberry_Pi/Pico_SDK_v1.5.1/pico-sdk/src/rp2_common/hardware_gpio/gpio.c.obj
 .ARM.attributes
                0x0000025a       0x2c CMakeFiles/CALCULATOR.dir/C_/Program_Files/Raspberry_Pi/Pico_SDK_v1.5.1/pico-sdk/src/rp2_common/pico_platform/platform.c.obj
 .ARM.attributes
                0x00000286       0x2c CMakeFiles/CALCULATOR.dir/C_/Program_Files/Raspberry_Pi/Pico_SDK_v1.5.1/pico-sdk/src/rp2_common/hardware_claim/claim.c.obj
 .ARM.attributes
                0x000002b2       0x2c CMakeFiles/CALCULATOR.dir/C_/Program_Files/Raspberry_Pi/Pico_SDK_v1.5.1/pico-sdk/src/rp2_common/hardware_sync/sync.c.obj
 .ARM.attributes
                0x000002de       0x2c CMakeFiles/CALCULATOR.dir/C_/Program_Files/Raspberry_Pi/Pico_SDK_v1.5.1/pico-sdk/src/rp2_common/hardware_irq/irq.c.obj
 .ARM.attributes
                0x0000030a       0x22 CMakeFiles/CALCULATOR.dir/C_/Program_Files/Raspberry_Pi/Pico_SDK_v1.5.1/pico-sdk/src/rp2_common/hardware_irq/irq_handler_chain.S.obj
 .ARM.attributes
                0x0000032c       0x2c CMakeFiles/CALCULATOR.dir/C_/Program_Files/Raspberry_Pi/Pico_SDK_v1.5.1/pico-sdk/src/common/pico_sync/lock_core.c.obj
 .ARM.attributes
                0x00000358       0x2c CMakeFiles/CALCULATOR.dir/C_/Program_Files/Raspberry_Pi/Pico_SDK_v1.5.1/pico-sdk/src/common/pico_sync/mutex.c.obj
 .ARM.attributes
                0x00000384       0x2c CMakeFiles/CALCULATOR.dir/C_/Program_Files/Raspberry_Pi/Pico_SDK_v1.5.1/pico-sdk/src/common/pico_time/time.c.obj
 .ARM.attributes
                0x000003b0       0x2c CMakeFiles/CALCULATOR.dir/C_/Program_Files/Raspberry_Pi/Pico_SDK_v1.5.1/pico-sdk/src/rp2_common/hardware_timer/timer.c.obj
 .ARM.attributes
                0x000003dc       0x2c CMakeFiles/CALCULATOR.dir/C_/Program_Files/Raspberry_Pi/Pico_SDK_v1.5.1/pico-sdk/src/common/pico_util/pheap.c.obj
 .ARM.attributes
                0x00000408       0x2c CMakeFiles/CALCULATOR.dir/C_/Program_Files/Raspberry_Pi/Pico_SDK_v1.5.1/pico-sdk/src/rp2_common/hardware_clocks/clocks.c.obj
 .ARM.attributes
                0x00000434       0x2c CMakeFiles/CALCULATOR.dir/C_/Program_Files/Raspberry_Pi/Pico_SDK_v1.5.1/pico-sdk/src/rp2_common/hardware_pll/pll.c.obj
 .ARM.attributes
                0x00000460       0x2c CMakeFiles/CALCULATOR.dir/C_/Program_Files/Raspberry_Pi/Pico_SDK_v1.5.1/pico-sdk/src/rp2_common/hardware_watchdog/watchdog.c.obj
 .ARM.attributes
                0x0000048c       0x2c CMakeFiles/CALCULATOR.dir/C_/Program_Files/Raspberry_Pi/Pico_SDK_v1.5.1/pico-sdk/src/rp2_common/hardware_xosc/xosc.c.obj
 .ARM.attributes
                0x000004b8       0x2c CMakeFiles/CALCULATOR.dir/C_/Program_Files/Raspberry_Pi/Pico_SDK_v1.5.1/pico-sdk/src/rp2_common/pico_runtime/runtime.c.obj
 .ARM.attributes
                0x000004e4       0x2c CMakeFiles/CALCULATOR.dir/C_/Program_Files/Raspberry_Pi/Pico_SDK_v1.5.1/pico-sdk/src/rp2_common/pico_printf/printf.c.obj
 .ARM.attributes
                0x00000510       0x22 CMakeFiles/CALCULATOR.dir/C_/Program_Files/Raspberry_Pi/Pico_SDK_v1.5.1/pico-sdk/src/rp2_common/pico_bit_ops/bit_ops_aeabi.S.obj
 .ARM.attributes
                0x00000532       0x2c CMakeFiles/CALCULATOR.dir/C_/Program_Files/Raspberry_Pi/Pico_SDK_v1.5.1/pico-sdk/src/rp2_common/pico_bootrom/bootrom.c.obj
 .ARM.attributes
                0x0000055e       0x22 CMakeFiles/CALCULATOR.dir/C_/Program_Files/Raspberry_Pi/Pico_SDK_v1.5.1/pico-sdk/src/rp2_common/pico_divider/divider.S.obj
 .ARM.attributes
                0x00000580       0x22 CMakeFiles/CALCULATOR.dir/C_/Program_Files/Raspberry_Pi/Pico_SDK_v1.5.1/pico-sdk/src/rp2_common/pico_double/double_aeabi.S.obj
 .ARM.attributes
                0x000005a2       0x2c CMakeFiles/CALCULATOR.dir/C_/Program_Files/Raspberry_Pi/Pico_SDK_v1.5.1/pico-sdk/src/rp2_common/pico_double/double_init_rom.c.obj
 .ARM.attributes
                0x000005ce       0x22 CMakeFiles/CALCULATOR.dir/C_/Program_Files/Raspberry_Pi/Pico_SDK_v1.5.1/pico-sdk/src/rp2_common/pico_double/double_v1_rom_shim.S.obj
 .ARM.attributes
                0x000005f0       0x22 CMakeFiles/CALCULATOR.dir/C_/Program_Files/Raspberry_Pi/Pico_SDK_v1.5.1/pico-sdk/src/rp2_common/pico_int64_ops/pico_int64_ops_aeabi.S.obj
 .ARM.attributes
                0x00000612       0x22 CMakeFiles/CALCULATOR.dir/C_/Program_Files/Raspberry_Pi/Pico_SDK_v1.5.1/pico-sdk/src/rp2_common/pico_float/float_aeabi.S.obj
 .ARM.attributes
                0x00000634       0x2c CMakeFiles/CALCULATOR.dir/C_/Program_Files/Raspberry_Pi/Pico_SDK_v1.5.1/pico-sdk/src/rp2_common/pico_float/float_init_rom.c.obj
 .ARM.attributes
                0x00000660       0x22 CMakeFiles/CALCULATOR.dir/C_/Program_Files/Raspberry_Pi/Pico_SDK_v1.5.1/pico-sdk/src/rp2_common/pico_float/float_v1_rom_shim.S.obj
 .ARM.attributes
                0x00000682       0x22 CMakeFiles/CALCULATOR.dir/C_/Program_Files/Raspberry_Pi/Pico_SDK_v1.5.1/pico-sdk/src/rp2_common/pico_mem_ops/mem_ops_aeabi.S.obj
 .ARM.attributes
                0x000006a4       0x22 CMakeFiles/CALCULATOR.dir/C_/Program_Files/Raspberry_Pi/Pico_SDK_v1.5.1/pico-sdk/src/rp2_common/pico_standard_link/crt0.S.obj
 .ARM.attributes
                0x000006c6       0x2c CMakeFiles/CALCULATOR.dir/C_/Program_Files/Raspberry_Pi/Pico_SDK_v1.5.1/pico-sdk/src/rp2_common/pico_standard_link/binary_info.c.obj
 .ARM.attributes
                0x000006f2       0x2c CMakeFiles/CALCULATOR.dir/C_/Program_Files/Raspberry_Pi/Pico_SDK_v1.5.1/pico-sdk/src/rp2_common/pico_stdio/stdio.c.obj
 .ARM.attributes
                0x0000071e       0x2c CMakeFiles/CALCULATOR.dir/C_/Program_Files/Raspberry_Pi/Pico_SDK_v1.5.1/pico-sdk/src/rp2_common/hardware_adc/adc.c.obj
 .ARM.attributes
                0x0000074a       0x2c CMakeFiles/CALCULATOR.dir/C_/Program_Files/Raspberry_Pi/Pico_SDK_v1.5.1/pico-sdk/src/rp2_common/hardware_pio/pio.c.obj
 .ARM.attributes
                0x00000776       0x2c CMakeFiles/CALCULATOR.dir/C_/Program_Files/Raspberry_Pi/Pico_SDK_v1.5.1/pico-sdk/src/rp2_common/pico_bootsel_via_double_reset/pico_bootsel_via_double_reset.c.obj
 .ARM.attributes
                0x000007a2       0x22 C:\Users\otienom\AppData\Local\Temp\ccelLkEK.o
 .ARM.attributes
                0x000007c4       0x1e c:/progra~1/raspbe~1/picosd~1.1/gcc-ar~1/bin/../lib/gcc/arm-none-eabi/10.3.1/thumb/v6-m/nofp\libgcc.a(_dvmd_tls.o)
 .ARM.attributes
                0x000007e2       0x2c c:/progra~1/raspbe~1/picosd~1.1/gcc-ar~1/bin/../lib/gcc/arm-none-eabi/10.3.1/../../../../arm-none-eabi/lib/thumb/v6-m/nofp\libc.a(lib_a-strcat.o)
 .ARM.attributes
                0x0000080e       0x2c c:/progra~1/raspbe~1/picosd~1.1/gcc-ar~1/bin/../lib/gcc/arm-none-eabi/10.3.1/../../../../arm-none-eabi/lib/thumb/v6-m/nofp\libc.a(lib_a-strcpy.o)
 .ARM.attributes
                0x0000083a       0x2c c:/progra~1/raspbe~1/picosd~1.1/gcc-ar~1/bin/../lib/gcc/arm-none-eabi/10.3.1/../../../../arm-none-eabi/lib/thumb/v6-m/nofp\libc.a(lib_a-strlen-stub.o)

.comment        0x00000000       0x49
 .comment       0x00000000       0x49 CMakeFiles/CALCULATOR.dir/main.c.obj
                                 0x4a (size before relaxing)
 .comment       0x00000049       0x4a CMakeFiles/CALCULATOR.dir/ts_lcd.c.obj
 .comment       0x00000049       0x4a CMakeFiles/CALCULATOR.dir/TouchScreen.c.obj
 .comment       0x00000049       0x4a CMakeFiles/CALCULATOR.dir/TFTMaster.c.obj
 .comment       0x00000049       0x4a CMakeFiles/CALCULATOR.dir/button.c.obj
 .comment       0x00000049       0x4a CMakeFiles/CALCULATOR.dir/timer.c.obj
 .comment       0x00000049       0x4a CMakeFiles/CALCULATOR.dir/display.c.obj
 .comment       0x00000049       0x4a CMakeFiles/CALCULATOR.dir/touchin_validation.c.obj
 .comment       0x00000049       0x4a CMakeFiles/CALCULATOR.dir/calculator.c.obj
 .comment       0x00000049       0x4a CMakeFiles/CALCULATOR.dir/global.c.obj
 .comment       0x00000049       0x4a CMakeFiles/CALCULATOR.dir/calculator_fsm.c.obj
 .comment       0x00000049       0x4a CMakeFiles/CALCULATOR.dir/C_/Program_Files/Raspberry_Pi/Pico_SDK_v1.5.1/pico-sdk/src/rp2_common/hardware_gpio/gpio.c.obj
 .comment       0x00000049       0x4a CMakeFiles/CALCULATOR.dir/C_/Program_Files/Raspberry_Pi/Pico_SDK_v1.5.1/pico-sdk/src/rp2_common/pico_platform/platform.c.obj
 .comment       0x00000049       0x4a CMakeFiles/CALCULATOR.dir/C_/Program_Files/Raspberry_Pi/Pico_SDK_v1.5.1/pico-sdk/src/rp2_common/hardware_claim/claim.c.obj
 .comment       0x00000049       0x4a CMakeFiles/CALCULATOR.dir/C_/Program_Files/Raspberry_Pi/Pico_SDK_v1.5.1/pico-sdk/src/rp2_common/hardware_sync/sync.c.obj
 .comment       0x00000049       0x4a CMakeFiles/CALCULATOR.dir/C_/Program_Files/Raspberry_Pi/Pico_SDK_v1.5.1/pico-sdk/src/rp2_common/hardware_irq/irq.c.obj
 .comment       0x00000049       0x4a CMakeFiles/CALCULATOR.dir/C_/Program_Files/Raspberry_Pi/Pico_SDK_v1.5.1/pico-sdk/src/common/pico_sync/lock_core.c.obj
 .comment       0x00000049       0x4a CMakeFiles/CALCULATOR.dir/C_/Program_Files/Raspberry_Pi/Pico_SDK_v1.5.1/pico-sdk/src/common/pico_sync/mutex.c.obj
 .comment       0x00000049       0x4a CMakeFiles/CALCULATOR.dir/C_/Program_Files/Raspberry_Pi/Pico_SDK_v1.5.1/pico-sdk/src/common/pico_time/time.c.obj
 .comment       0x00000049       0x4a CMakeFiles/CALCULATOR.dir/C_/Program_Files/Raspberry_Pi/Pico_SDK_v1.5.1/pico-sdk/src/rp2_common/hardware_timer/timer.c.obj
 .comment       0x00000049       0x4a CMakeFiles/CALCULATOR.dir/C_/Program_Files/Raspberry_Pi/Pico_SDK_v1.5.1/pico-sdk/src/common/pico_util/pheap.c.obj
 .comment       0x00000049       0x4a CMakeFiles/CALCULATOR.dir/C_/Program_Files/Raspberry_Pi/Pico_SDK_v1.5.1/pico-sdk/src/rp2_common/hardware_clocks/clocks.c.obj
 .comment       0x00000049       0x4a CMakeFiles/CALCULATOR.dir/C_/Program_Files/Raspberry_Pi/Pico_SDK_v1.5.1/pico-sdk/src/rp2_common/hardware_pll/pll.c.obj
 .comment       0x00000049       0x4a CMakeFiles/CALCULATOR.dir/C_/Program_Files/Raspberry_Pi/Pico_SDK_v1.5.1/pico-sdk/src/rp2_common/hardware_watchdog/watchdog.c.obj
 .comment       0x00000049       0x4a CMakeFiles/CALCULATOR.dir/C_/Program_Files/Raspberry_Pi/Pico_SDK_v1.5.1/pico-sdk/src/rp2_common/hardware_xosc/xosc.c.obj
 .comment       0x00000049       0x4a CMakeFiles/CALCULATOR.dir/C_/Program_Files/Raspberry_Pi/Pico_SDK_v1.5.1/pico-sdk/src/rp2_common/pico_runtime/runtime.c.obj
 .comment       0x00000049       0x4a CMakeFiles/CALCULATOR.dir/C_/Program_Files/Raspberry_Pi/Pico_SDK_v1.5.1/pico-sdk/src/rp2_common/pico_printf/printf.c.obj
 .comment       0x00000049       0x4a CMakeFiles/CALCULATOR.dir/C_/Program_Files/Raspberry_Pi/Pico_SDK_v1.5.1/pico-sdk/src/rp2_common/pico_bootrom/bootrom.c.obj
 .comment       0x00000049       0x4a CMakeFiles/CALCULATOR.dir/C_/Program_Files/Raspberry_Pi/Pico_SDK_v1.5.1/pico-sdk/src/rp2_common/pico_double/double_init_rom.c.obj
 .comment       0x00000049       0x4a CMakeFiles/CALCULATOR.dir/C_/Program_Files/Raspberry_Pi/Pico_SDK_v1.5.1/pico-sdk/src/rp2_common/pico_float/float_init_rom.c.obj
 .comment       0x00000049       0x4a CMakeFiles/CALCULATOR.dir/C_/Program_Files/Raspberry_Pi/Pico_SDK_v1.5.1/pico-sdk/src/rp2_common/pico_standard_link/binary_info.c.obj
 .comment       0x00000049       0x4a CMakeFiles/CALCULATOR.dir/C_/Program_Files/Raspberry_Pi/Pico_SDK_v1.5.1/pico-sdk/src/rp2_common/pico_stdio/stdio.c.obj
 .comment       0x00000049       0x4a CMakeFiles/CALCULATOR.dir/C_/Program_Files/Raspberry_Pi/Pico_SDK_v1.5.1/pico-sdk/src/rp2_common/hardware_adc/adc.c.obj
 .comment       0x00000049       0x4a CMakeFiles/CALCULATOR.dir/C_/Program_Files/Raspberry_Pi/Pico_SDK_v1.5.1/pico-sdk/src/rp2_common/hardware_pio/pio.c.obj
 .comment       0x00000049       0x4a CMakeFiles/CALCULATOR.dir/C_/Program_Files/Raspberry_Pi/Pico_SDK_v1.5.1/pico-sdk/src/rp2_common/pico_bootsel_via_double_reset/pico_bootsel_via_double_reset.c.obj

.debug_frame    0x00000000       0x74
 .debug_frame   0x00000000       0x2c c:/progra~1/raspbe~1/picosd~1.1/gcc-ar~1/bin/../lib/gcc/arm-none-eabi/10.3.1/../../../../arm-none-eabi/lib/thumb/v6-m/nofp\libc.a(lib_a-strcat.o)
 .debug_frame   0x0000002c       0x20 c:/progra~1/raspbe~1/picosd~1.1/gcc-ar~1/bin/../lib/gcc/arm-none-eabi/10.3.1/../../../../arm-none-eabi/lib/thumb/v6-m/nofp\libc.a(lib_a-strcpy.o)
 .debug_frame   0x0000004c       0x28 c:/progra~1/raspbe~1/picosd~1.1/gcc-ar~1/bin/../lib/gcc/arm-none-eabi/10.3.1/../../../../arm-none-eabi/lib/thumb/v6-m/nofp\libc.a(lib_a-strlen-stub.o)
